/home/juan/Escritorio/gnn_thesis/gnns_thesis/scripts/explain_matrix.py:245: FutureWarning: The behavior of DataFrame concatenation with empty or all-NA entries is deprecated. In a future version, this will no longer exclude empty or all-NA columns when determining the result dtypes. To retain the old behavior, exclude the relevant entries before the concat operation.
  new = pd.concat([old, new], ignore_index=True) if len(old) else new
Device: cuda | torch threads: 2
Label mode: licit_unknown
Preprocessing Elliptic dataset...
Creating time-based splits:
  Train: 136,265 nodes (3,462 illicit, 132,803 licit, ratio 1:38.4)
  Val  : 37,820 nodes (914 illicit, 36,906 licit, ratio 1:40.4)
  Test : 29,684 nodes (169 illicit, 29,515 licit, ratio 1:174.6)
  Split counts validated against the official Elliptic release.
Normalizing features (fit on every node of the train timesteps):
  Features normalized (RobustScaler + clip[-10,10]): mean~0.7023, std~2.3916, clipped=4.69% of values
Preprocessing complete.
Common node set: 30 illicit val nodes (seed 1234, pool 914) -> results_v4/explain_nodes_v4.json
3 checkpoints | 9 units to explain (0 already complete) | 0 checkpoints gated out
  1:100_subil_GAT_class_weighting__GNNExplainer: primary=0.948 full=0.948 edges=0.125 jac=0.558 (n=30, tp=22) 41.1s
  PGExplainer training complete (loss=0.1527)
  PGExplainer training complete (loss=0.3498)
  PGExplainer training complete (loss=0.1593)
  PGExplainer training complete (loss=0.2937)
  PGExplainer training complete (loss=0.3587)
  1:100_subil_GAT_class_weighting__PGExplainer: primary=0.112 full=nan edges=0.112 jac=0.546 (n=16, tp=22) 109.5s
/home/juan/Escritorio/gnn_thesis/gnns_thesis/scripts/explain_matrix.py:245: FutureWarning: The behavior of DataFrame concatenation with empty or all-NA entries is deprecated. In a future version, this will no longer exclude empty or all-NA columns when determining the result dtypes. To retain the old behavior, exclude the relevant entries before the concat operation.
  new = pd.concat([old, new], ignore_index=True) if len(old) else new
  1:100_subil_GAT_class_weighting__ShapleyFeatures: primary=0.994 full=0.994 edges=nan jac=nan (n=27, tp=22) 25.6s
/home/juan/Escritorio/gnn_thesis/gnns_thesis/scripts/explain_matrix.py:245: FutureWarning: The behavior of DataFrame concatenation with empty or all-NA entries is deprecated. In a future version, this will no longer exclude empty or all-NA columns when determining the result dtypes. To retain the old behavior, exclude the relevant entries before the concat operation.
  new = pd.concat([old, new], ignore_index=True) if len(old) else new
  1:100_subil_GAT_focal_loss__GNNExplainer: primary=0.919 full=0.919 edges=0.119 jac=0.558 (n=30, tp=7) 50.8s
  PGExplainer training complete (loss=0.4520)
  PGExplainer training complete (loss=0.3893)
  PGExplainer training complete (loss=0.3096)
  PGExplainer training complete (loss=0.4088)
  PGExplainer training complete (loss=0.3768)
  1:100_subil_GAT_focal_loss__PGExplainer: primary=0.917 full=nan edges=0.917 jac=0.800 (n=12, tp=7) 113.2s
/home/juan/Escritorio/gnn_thesis/gnns_thesis/scripts/explain_matrix.py:245: FutureWarning: The behavior of DataFrame concatenation with empty or all-NA entries is deprecated. In a future version, this will no longer exclude empty or all-NA columns when determining the result dtypes. To retain the old behavior, exclude the relevant entries before the concat operation.
  new = pd.concat([old, new], ignore_index=True) if len(old) else new
  1:100_subil_GAT_focal_loss__ShapleyFeatures: primary=0.998 full=0.998 edges=nan jac=nan (n=27, tp=7) 25.6s
/home/juan/Escritorio/gnn_thesis/gnns_thesis/scripts/explain_matrix.py:245: FutureWarning: The behavior of DataFrame concatenation with empty or all-NA entries is deprecated. In a future version, this will no longer exclude empty or all-NA columns when determining the result dtypes. To retain the old behavior, exclude the relevant entries before the concat operation.
  new = pd.concat([old, new], ignore_index=True) if len(old) else new
  1:100_subil_GAT_none__GNNExplainer: primary=0.940 full=0.940 edges=0.084 jac=0.542 (n=30, tp=8) 41.5s
  PGExplainer training complete (loss=0.1190)
  PGExplainer training complete (loss=0.3417)
  PGExplainer training complete (loss=0.0961)
  PGExplainer training complete (loss=0.4527)
  PGExplainer training complete (loss=0.2518)
  1:100_subil_GAT_none__PGExplainer: primary=0.897 full=nan edges=0.897 jac=0.712 (n=13, tp=8) 109.9s
/home/juan/Escritorio/gnn_thesis/gnns_thesis/scripts/explain_matrix.py:245: FutureWarning: The behavior of DataFrame concatenation with empty or all-NA entries is deprecated. In a future version, this will no longer exclude empty or all-NA columns when determining the result dtypes. To retain the old behavior, exclude the relevant entries before the concat operation.
  new = pd.concat([old, new], ignore_index=True) if len(old) else new
  1:100_subil_GAT_none__ShapleyFeatures: primary=0.985 full=0.985 edges=nan jac=nan (n=27, tp=8) 26.1s

Done: 9 ok, 0 failed, 9.2 min. CSV: results_v4/elliptic_v4_stability.csv
Device: cuda | torch threads: 2
Label mode: licit_unknown
Preprocessing Elliptic dataset...
Creating time-based splits:
  Train: 136,265 nodes (3,462 illicit, 132,803 licit, ratio 1:38.4)
  Val  : 37,820 nodes (914 illicit, 36,906 licit, ratio 1:40.4)
  Test : 29,684 nodes (169 illicit, 29,515 licit, ratio 1:174.6)
  Split counts validated against the official Elliptic release.
Normalizing features (fit on every node of the train timesteps):
  Features normalized (RobustScaler + clip[-10,10]): mean~0.7023, std~2.3916, clipped=4.69% of values
Preprocessing complete.
Common node set: 30 illicit val nodes (seed 1234, pool 914) -> results_v4/explain_nodes_v4.json
3 checkpoints | 9 units to explain (9 already complete) | 0 checkpoints gated out

Done: 0 ok, 0 failed, 0.0 min. CSV: results_v4/elliptic_v4_stability.csv
