/home/juan/Escritorio/gnn_thesis/gnns_thesis/scripts/explain_matrix.py:245: FutureWarning: The behavior of DataFrame concatenation with empty or all-NA entries is deprecated. In a future version, this will no longer exclude empty or all-NA columns when determining the result dtypes. To retain the old behavior, exclude the relevant entries before the concat operation.
  new = pd.concat([old, new], ignore_index=True) if len(old) else new
Device: cuda | torch threads: 2
Label mode: licit_unknown
Preprocessing Elliptic dataset...
Creating time-based splits:
  Train: 136,265 nodes (3,462 illicit, 132,803 licit, ratio 1:38.4)
  Val  : 37,820 nodes (914 illicit, 36,906 licit, ratio 1:40.4)
  Test : 29,684 nodes (169 illicit, 29,515 licit, ratio 1:174.6)
  Split counts validated against the official Elliptic release.
Normalizing features (fit on every node of the train timesteps):
  Features normalized (RobustScaler + clip[-10,10]): mean~0.7023, std~2.3916, clipped=4.69% of values
Preprocessing complete.
Common node set: 30 illicit val nodes (seed 1234, pool 914) -> results_v4/explain_nodes_v4.json
3 checkpoints | 9 units to explain (0 already complete) | 0 checkpoints gated out
  1:100_subil_GraphSAGE_class_weighting_s43__GNNExplainer: primary=0.959 full=0.959 edges=0.044 jac=0.521 (n=30, tp=19) 23.7s
  PGExplainer training complete (loss=0.2548)
  PGExplainer training complete (loss=0.2199)
  PGExplainer training complete (loss=0.1838)
  PGExplainer training complete (loss=0.1982)
  PGExplainer training complete (loss=0.3594)
  1:100_subil_GraphSAGE_class_weighting_s43__PGExplainer: primary=-0.008 full=nan edges=-0.008 jac=0.496 (n=16, tp=19) 62.7s
/home/juan/Escritorio/gnn_thesis/gnns_thesis/scripts/explain_matrix.py:245: FutureWarning: The behavior of DataFrame concatenation with empty or all-NA entries is deprecated. In a future version, this will no longer exclude empty or all-NA columns when determining the result dtypes. To retain the old behavior, exclude the relevant entries before the concat operation.
  new = pd.concat([old, new], ignore_index=True) if len(old) else new
  1:100_subil_GraphSAGE_class_weighting_s43__ShapleyFeatures: primary=0.993 full=0.993 edges=nan jac=nan (n=27, tp=19) 22.3s
/home/juan/Escritorio/gnn_thesis/gnns_thesis/scripts/explain_matrix.py:245: FutureWarning: The behavior of DataFrame concatenation with empty or all-NA entries is deprecated. In a future version, this will no longer exclude empty or all-NA columns when determining the result dtypes. To retain the old behavior, exclude the relevant entries before the concat operation.
  new = pd.concat([old, new], ignore_index=True) if len(old) else new
  1:100_subil_GraphSAGE_focal_loss_s43__GNNExplainer: primary=0.912 full=0.912 edges=0.150 jac=0.583 (n=30, tp=0) 28.4s
  PGExplainer training complete (loss=0.3659)
  PGExplainer training complete (loss=0.6269)
  PGExplainer training complete (loss=0.3503)
  PGExplainer training complete (loss=0.4013)
  PGExplainer training complete (loss=0.3565)
  1:100_subil_GraphSAGE_focal_loss_s43__PGExplainer: primary=0.200 full=nan edges=0.200 jac=0.767 (n=4, tp=0) 81.2s
/home/juan/Escritorio/gnn_thesis/gnns_thesis/scripts/explain_matrix.py:245: FutureWarning: The behavior of DataFrame concatenation with empty or all-NA entries is deprecated. In a future version, this will no longer exclude empty or all-NA columns when determining the result dtypes. To retain the old behavior, exclude the relevant entries before the concat operation.
  new = pd.concat([old, new], ignore_index=True) if len(old) else new
  1:100_subil_GraphSAGE_focal_loss_s43__ShapleyFeatures: primary=0.996 full=0.996 edges=nan jac=nan (n=27, tp=0) 23.8s
/home/juan/Escritorio/gnn_thesis/gnns_thesis/scripts/explain_matrix.py:245: FutureWarning: The behavior of DataFrame concatenation with empty or all-NA entries is deprecated. In a future version, this will no longer exclude empty or all-NA columns when determining the result dtypes. To retain the old behavior, exclude the relevant entries before the concat operation.
  new = pd.concat([old, new], ignore_index=True) if len(old) else new
  1:100_subil_GraphSAGE_none_s43__GNNExplainer: primary=0.905 full=0.905 edges=0.181 jac=0.587 (n=30, tp=0) 31.2s
  PGExplainer training complete (loss=0.3036)
  PGExplainer training complete (loss=0.5914)
  PGExplainer training complete (loss=0.2842)
  PGExplainer training complete (loss=0.2886)
  PGExplainer training complete (loss=0.2592)
  1:100_subil_GraphSAGE_none_s43__PGExplainer: primary=-0.059 full=nan edges=-0.059 jac=0.725 (n=5, tp=0) 85.3s
/home/juan/Escritorio/gnn_thesis/gnns_thesis/scripts/explain_matrix.py:245: FutureWarning: The behavior of DataFrame concatenation with empty or all-NA entries is deprecated. In a future version, this will no longer exclude empty or all-NA columns when determining the result dtypes. To retain the old behavior, exclude the relevant entries before the concat operation.
  new = pd.concat([old, new], ignore_index=True) if len(old) else new
  1:100_subil_GraphSAGE_none_s43__ShapleyFeatures: primary=0.995 full=0.995 edges=nan jac=nan (n=27, tp=0) 23.7s

Done: 9 ok, 0 failed, 6.5 min. CSV: results_v4/elliptic_v4_stability.csv
