[2026-10-10 07:41:04] inicio estrés · escenarios=[1:100_subil 1:200_subil] · device=cuda · stages=all
[2026-10-10 07:43:00] 1:100_subil train GCN s42 rc=0
[2026-10-10 07:45:22] 1:100_subil train GraphSAGE s42 rc=0
[2026-10-10 07:49:53] 1:100_subil train GAT s42 rc=0
[2026-10-10 07:54:58] 1:100_subil train TAGCN s42 rc=0
[2026-10-10 07:55:31] 1:100_subil train GCN s43 rc=0
[2026-10-10 07:56:06] 1:100_subil train GraphSAGE s43 rc=0
[2026-10-10 07:56:51] 1:100_subil train GAT s43 rc=0
[2026-10-10 07:57:52] 1:100_subil train TAGCN s43 rc=0
[2026-10-10 07:58:07] 1:100_subil train GCN s44 rc=0
[2026-10-10 07:58:25] 1:100_subil train GraphSAGE s44 rc=0
[2026-10-10 07:59:42] 1:100_subil train GAT s44 rc=0
[2026-10-10 08:00:13] 1:100_subil train TAGCN s44 rc=0
[2026-10-10 08:07:13] 1:100_subil explain GCN s42 rc=0
[2026-10-10 08:13:41] 1:100_subil explain GraphSAGE s42 rc=0
[2026-10-10 08:22:54] 1:100_subil explain GAT s42 rc=0
[2026-10-10 08:33:35] 1:100_subil explain TAGCN s42 rc=0
[2026-10-10 08:41:04] corrida detenida a mano antes de apagar el equipo (iba en 1:100_subil explain GCN s43); se retoma con --resume
[2026-10-10 11:25:33] inicio estrés · escenarios=[1:100_subil 1:200_subil] · device=cuda · stages=all
[2026-10-10 11:25:41] 1:100_subil train GCN s42 rc=0
[2026-10-10 11:25:47] 1:100_subil train GraphSAGE s42 rc=0
[2026-10-10 11:25:53] 1:100_subil train GAT s42 rc=0
[2026-10-10 11:25:59] 1:100_subil train TAGCN s42 rc=0
[2026-10-10 11:26:05] 1:100_subil train GCN s43 rc=0
[2026-10-10 11:26:11] 1:100_subil train GraphSAGE s43 rc=0
[2026-10-10 11:26:16] 1:100_subil train GAT s43 rc=0
[2026-10-10 11:26:22] 1:100_subil train TAGCN s43 rc=0
[2026-10-10 11:26:28] 1:100_subil train GCN s44 rc=0
[2026-10-10 11:26:34] 1:100_subil train GraphSAGE s44 rc=0
[2026-10-10 11:26:40] 1:100_subil train GAT s44 rc=0
[2026-10-10 11:26:45] 1:100_subil train TAGCN s44 rc=0
[2026-10-10 11:26:50] 1:100_subil explain GCN s42 rc=0
[2026-10-10 11:26:55] 1:100_subil explain GraphSAGE s42 rc=0
[2026-10-10 11:27:00] 1:100_subil explain GAT s42 rc=0
[2026-10-10 11:27:05] 1:100_subil explain TAGCN s42 rc=0
[2026-10-10 11:31:10] 1:100_subil explain GCN s43 rc=0
[2026-10-10 11:37:40] 1:100_subil explain GraphSAGE s43 rc=0
[2026-10-10 11:46:50] 1:100_subil explain GAT s43 rc=0
[2026-10-10 11:57:44] 1:100_subil explain TAGCN s43 rc=0
[2026-10-10 12:05:28] 1:100_subil explain GCN s44 rc=0
[2026-10-10 12:12:33] 1:100_subil explain GraphSAGE s44 rc=0
[2026-10-10 12:22:17] 1:100_subil explain GAT s44 rc=0
[2026-10-10 12:33:20] 1:100_subil explain TAGCN s44 rc=0
[2026-10-10 12:35:27] 1:200_subil train GCN s42 rc=0
[2026-10-10 12:37:48] 1:200_subil train GraphSAGE s42 rc=0
[2026-10-10 12:42:19] 1:200_subil train GAT s42 rc=0
[2026-10-10 12:46:23] 1:200_subil train TAGCN s42 rc=0
[2026-10-10 12:46:51] 1:200_subil train GCN s43 rc=0
[2026-10-10 12:47:21] 1:200_subil train GraphSAGE s43 rc=0
[2026-10-10 12:48:11] 1:200_subil train GAT s43 rc=0
[2026-10-10 12:49:06] 1:200_subil train TAGCN s43 rc=0
[2026-10-10 12:49:21] 1:200_subil train GCN s44 rc=0
[2026-10-10 12:49:40] 1:200_subil train GraphSAGE s44 rc=0
[2026-10-10 12:50:32] 1:200_subil train GAT s44 rc=0
[2026-10-10 12:50:56] 1:200_subil train TAGCN s44 rc=0
[2026-10-10 12:58:20] 1:200_subil explain GCN s42 rc=0
[2026-10-10 13:04:27] 1:200_subil explain GraphSAGE s42 rc=0
[2026-10-10 13:12:52] 1:200_subil explain GAT s42 rc=0
[2026-10-10 13:22:24] 1:200_subil explain TAGCN s42 rc=0
[2026-10-10 13:30:00] 1:200_subil explain GCN s43 rc=0
[2026-10-10 13:36:32] 1:200_subil explain GraphSAGE s43 rc=0
[2026-10-10 13:45:30] 1:200_subil explain GAT s43 rc=0
[2026-10-10 13:55:09] 1:200_subil explain TAGCN s43 rc=0
[2026-10-10 14:03:19] 1:200_subil explain GCN s44 rc=0
[2026-10-10 14:09:56] 1:200_subil explain GraphSAGE s44 rc=0
[2026-10-10 14:19:09] 1:200_subil explain GAT s44 rc=0
[2026-10-10 14:29:20] 1:200_subil explain TAGCN s44 rc=0
[2026-10-10 14:29:34] cross_seed (sin filtro) rc=0
[2026-10-10 14:29:44] cross_seed (compuerta) rc=0
[2026-10-10 14:29:44] fin estrés
