/home/juan/Escritorio/gnn_thesis/gnns_thesis/scripts/explain_matrix.py:245: FutureWarning: The behavior of DataFrame concatenation with empty or all-NA entries is deprecated. In a future version, this will no longer exclude empty or all-NA columns when determining the result dtypes. To retain the old behavior, exclude the relevant entries before the concat operation.
  new = pd.concat([old, new], ignore_index=True) if len(old) else new
Device: cuda | torch threads: 2
Label mode: licit_unknown
Preprocessing Elliptic dataset...
Creating time-based splits:
  Train: 136,265 nodes (3,462 illicit, 132,803 licit, ratio 1:38.4)
  Val  : 37,820 nodes (914 illicit, 36,906 licit, ratio 1:40.4)
  Test : 29,684 nodes (169 illicit, 29,515 licit, ratio 1:174.6)
  Split counts validated against the official Elliptic release.
Normalizing features (fit on every node of the train timesteps):
  Features normalized (RobustScaler + clip[-10,10]): mean~0.7023, std~2.3916, clipped=4.69% of values
Preprocessing complete.
Common node set: 30 illicit val nodes (seed 1234, pool 914) -> results_v4/explain_nodes_v4.json
3 checkpoints | 9 units to explain (0 already complete) | 0 checkpoints gated out
  1:200_subil_GCN_class_weighting__GNNExplainer: primary=0.944 full=0.944 edges=0.094 jac=0.546 (n=30, tp=19) 30.7s
  PGExplainer training complete (loss=0.3530)
  PGExplainer training complete (loss=0.4480)
  PGExplainer training complete (loss=0.2810)
  PGExplainer training complete (loss=0.1993)
  PGExplainer training complete (loss=0.4242)
  1:200_subil_GCN_class_weighting__PGExplainer: primary=-0.249 full=nan edges=-0.249 jac=0.475 (n=15, tp=19) 80.9s
/home/juan/Escritorio/gnn_thesis/gnns_thesis/scripts/explain_matrix.py:245: FutureWarning: The behavior of DataFrame concatenation with empty or all-NA entries is deprecated. In a future version, this will no longer exclude empty or all-NA columns when determining the result dtypes. To retain the old behavior, exclude the relevant entries before the concat operation.
  new = pd.concat([old, new], ignore_index=True) if len(old) else new
  1:200_subil_GCN_class_weighting__ShapleyFeatures: primary=0.997 full=0.997 edges=nan jac=nan (n=27, tp=19) 23.7s
/home/juan/Escritorio/gnn_thesis/gnns_thesis/scripts/explain_matrix.py:245: FutureWarning: The behavior of DataFrame concatenation with empty or all-NA entries is deprecated. In a future version, this will no longer exclude empty or all-NA columns when determining the result dtypes. To retain the old behavior, exclude the relevant entries before the concat operation.
  new = pd.concat([old, new], ignore_index=True) if len(old) else new
  1:200_subil_GCN_focal_loss__GNNExplainer: primary=0.912 full=0.912 edges=0.075 jac=0.533 (n=30, tp=0) 30.9s
  PGExplainer training complete (loss=0.4348)
  PGExplainer training complete (loss=0.4569)
  PGExplainer training complete (loss=0.2205)
  PGExplainer training complete (loss=0.4167)
  PGExplainer training complete (loss=0.3948)
  1:200_subil_GCN_focal_loss__PGExplainer: primary=0.917 full=nan edges=0.917 jac=0.800 (n=12, tp=0) 81.3s
/home/juan/Escritorio/gnn_thesis/gnns_thesis/scripts/explain_matrix.py:245: FutureWarning: The behavior of DataFrame concatenation with empty or all-NA entries is deprecated. In a future version, this will no longer exclude empty or all-NA columns when determining the result dtypes. To retain the old behavior, exclude the relevant entries before the concat operation.
  new = pd.concat([old, new], ignore_index=True) if len(old) else new
  1:200_subil_GCN_focal_loss__ShapleyFeatures: primary=0.998 full=0.998 edges=nan jac=nan (n=27, tp=0) 23.7s
/home/juan/Escritorio/gnn_thesis/gnns_thesis/scripts/explain_matrix.py:245: FutureWarning: The behavior of DataFrame concatenation with empty or all-NA entries is deprecated. In a future version, this will no longer exclude empty or all-NA columns when determining the result dtypes. To retain the old behavior, exclude the relevant entries before the concat operation.
  new = pd.concat([old, new], ignore_index=True) if len(old) else new
  1:200_subil_GCN_none__GNNExplainer: primary=0.925 full=0.925 edges=0.150 jac=0.587 (n=30, tp=4) 37.6s
  PGExplainer training complete (loss=0.3009)
  PGExplainer training complete (loss=0.6389)
  PGExplainer training complete (loss=0.2657)
  PGExplainer training complete (loss=0.3259)
  PGExplainer training complete (loss=0.6437)
  1:200_subil_GCN_none__PGExplainer: primary=0.411 full=nan edges=0.411 jac=0.575 (n=16, tp=4) 102.3s
/home/juan/Escritorio/gnn_thesis/gnns_thesis/scripts/explain_matrix.py:245: FutureWarning: The behavior of DataFrame concatenation with empty or all-NA entries is deprecated. In a future version, this will no longer exclude empty or all-NA columns when determining the result dtypes. To retain the old behavior, exclude the relevant entries before the concat operation.
  new = pd.concat([old, new], ignore_index=True) if len(old) else new
  1:200_subil_GCN_none__ShapleyFeatures: primary=0.996 full=0.996 edges=nan jac=nan (n=27, tp=4) 25.3s

Done: 9 ok, 0 failed, 7.4 min. CSV: results_v4/elliptic_v4_stability.csv
