/home/juan/Escritorio/gnn_thesis/gnns_thesis/scripts/explain_matrix.py:245: FutureWarning: The behavior of DataFrame concatenation with empty or all-NA entries is deprecated. In a future version, this will no longer exclude empty or all-NA columns when determining the result dtypes. To retain the old behavior, exclude the relevant entries before the concat operation.
  new = pd.concat([old, new], ignore_index=True) if len(old) else new
Device: cuda | torch threads: 2
Label mode: licit_unknown
Preprocessing Elliptic dataset...
Creating time-based splits:
  Train: 136,265 nodes (3,462 illicit, 132,803 licit, ratio 1:38.4)
  Val  : 37,820 nodes (914 illicit, 36,906 licit, ratio 1:40.4)
  Test : 29,684 nodes (169 illicit, 29,515 licit, ratio 1:174.6)
  Split counts validated against the official Elliptic release.
Normalizing features (fit on every node of the train timesteps):
  Features normalized (RobustScaler + clip[-10,10]): mean~0.7023, std~2.3916, clipped=4.69% of values
Preprocessing complete.
Common node set: 30 illicit val nodes (seed 1234, pool 914) -> results_v4/explain_nodes_v4.json
3 checkpoints | 9 units to explain (0 already complete) | 0 checkpoints gated out
  1:200_subil_GAT_class_weighting__GNNExplainer: primary=0.947 full=0.947 edges=0.169 jac=0.583 (n=30, tp=23) 39.0s
  PGExplainer training complete (loss=0.1556)
  PGExplainer training complete (loss=0.3504)
  PGExplainer training complete (loss=0.1619)
  PGExplainer training complete (loss=0.2881)
  PGExplainer training complete (loss=0.3293)
  1:200_subil_GAT_class_weighting__PGExplainer: primary=0.396 full=nan edges=0.396 jac=0.621 (n=16, tp=23) 100.0s
/home/juan/Escritorio/gnn_thesis/gnns_thesis/scripts/explain_matrix.py:245: FutureWarning: The behavior of DataFrame concatenation with empty or all-NA entries is deprecated. In a future version, this will no longer exclude empty or all-NA columns when determining the result dtypes. To retain the old behavior, exclude the relevant entries before the concat operation.
  new = pd.concat([old, new], ignore_index=True) if len(old) else new
  1:200_subil_GAT_class_weighting__ShapleyFeatures: primary=0.995 full=0.995 edges=nan jac=nan (n=27, tp=23) 24.9s
/home/juan/Escritorio/gnn_thesis/gnns_thesis/scripts/explain_matrix.py:245: FutureWarning: The behavior of DataFrame concatenation with empty or all-NA entries is deprecated. In a future version, this will no longer exclude empty or all-NA columns when determining the result dtypes. To retain the old behavior, exclude the relevant entries before the concat operation.
  new = pd.concat([old, new], ignore_index=True) if len(old) else new
  1:200_subil_GAT_focal_loss__GNNExplainer: primary=0.927 full=0.927 edges=0.094 jac=0.546 (n=30, tp=11) 38.7s
  PGExplainer training complete (loss=0.4273)
  PGExplainer training complete (loss=0.3609)
  PGExplainer training complete (loss=0.2742)
  PGExplainer training complete (loss=0.3845)
  PGExplainer training complete (loss=0.3706)
  1:200_subil_GAT_focal_loss__PGExplainer: primary=1.000 full=nan edges=1.000 jac=0.862 (n=12, tp=11) 101.0s
/home/juan/Escritorio/gnn_thesis/gnns_thesis/scripts/explain_matrix.py:245: FutureWarning: The behavior of DataFrame concatenation with empty or all-NA entries is deprecated. In a future version, this will no longer exclude empty or all-NA columns when determining the result dtypes. To retain the old behavior, exclude the relevant entries before the concat operation.
  new = pd.concat([old, new], ignore_index=True) if len(old) else new
  1:200_subil_GAT_focal_loss__ShapleyFeatures: primary=0.997 full=0.997 edges=nan jac=nan (n=27, tp=11) 25.0s
/home/juan/Escritorio/gnn_thesis/gnns_thesis/scripts/explain_matrix.py:245: FutureWarning: The behavior of DataFrame concatenation with empty or all-NA entries is deprecated. In a future version, this will no longer exclude empty or all-NA columns when determining the result dtypes. To retain the old behavior, exclude the relevant entries before the concat operation.
  new = pd.concat([old, new], ignore_index=True) if len(old) else new
  1:200_subil_GAT_none__GNNExplainer: primary=0.934 full=0.934 edges=0.044 jac=0.521 (n=30, tp=7) 39.4s
  PGExplainer training complete (loss=0.1232)
  PGExplainer training complete (loss=0.3365)
  PGExplainer training complete (loss=0.0830)
  PGExplainer training complete (loss=0.0730)
  PGExplainer training complete (loss=0.2360)
  1:200_subil_GAT_none__PGExplainer: primary=0.795 full=nan edges=0.795 jac=0.750 (n=13, tp=7) 101.2s
/home/juan/Escritorio/gnn_thesis/gnns_thesis/scripts/explain_matrix.py:245: FutureWarning: The behavior of DataFrame concatenation with empty or all-NA entries is deprecated. In a future version, this will no longer exclude empty or all-NA columns when determining the result dtypes. To retain the old behavior, exclude the relevant entries before the concat operation.
  new = pd.concat([old, new], ignore_index=True) if len(old) else new
  1:200_subil_GAT_none__ShapleyFeatures: primary=0.976 full=0.976 edges=nan jac=nan (n=27, tp=7) 24.9s

Done: 9 ok, 0 failed, 8.4 min. CSV: results_v4/elliptic_v4_stability.csv
