/home/juan/Escritorio/gnn_thesis/gnns_thesis/scripts/explain_matrix.py:245: FutureWarning: The behavior of DataFrame concatenation with empty or all-NA entries is deprecated. In a future version, this will no longer exclude empty or all-NA columns when determining the result dtypes. To retain the old behavior, exclude the relevant entries before the concat operation.
  new = pd.concat([old, new], ignore_index=True) if len(old) else new
Device: cuda | torch threads: 2
Label mode: licit_unknown
Preprocessing Elliptic dataset...
Creating time-based splits:
  Train: 136,265 nodes (3,462 illicit, 132,803 licit, ratio 1:38.4)
  Val  : 37,820 nodes (914 illicit, 36,906 licit, ratio 1:40.4)
  Test : 29,684 nodes (169 illicit, 29,515 licit, ratio 1:174.6)
  Split counts validated against the official Elliptic release.
Normalizing features (fit on every node of the train timesteps):
  Features normalized (RobustScaler + clip[-10,10]): mean~0.7023, std~2.3916, clipped=4.69% of values
Preprocessing complete.
Common node set: 30 illicit val nodes (seed 1234, pool 914) -> results_v4/explain_nodes_v4.json
3 checkpoints | 9 units to explain (0 already complete) | 0 checkpoints gated out
  1:100_subil_GCN_class_weighting__GNNExplainer: primary=0.941 full=0.941 edges=0.134 jac=0.571 (n=30, tp=17) 31.9s
  PGExplainer training complete (loss=0.3766)
  PGExplainer training complete (loss=0.4468)
  PGExplainer training complete (loss=0.2997)
  PGExplainer training complete (loss=0.2258)
  PGExplainer training complete (loss=0.4443)
  1:100_subil_GCN_class_weighting__PGExplainer: primary=-0.055 full=nan edges=-0.055 jac=0.521 (n=16, tp=17) 82.1s
/home/juan/Escritorio/gnn_thesis/gnns_thesis/scripts/explain_matrix.py:245: FutureWarning: The behavior of DataFrame concatenation with empty or all-NA entries is deprecated. In a future version, this will no longer exclude empty or all-NA columns when determining the result dtypes. To retain the old behavior, exclude the relevant entries before the concat operation.
  new = pd.concat([old, new], ignore_index=True) if len(old) else new
  1:100_subil_GCN_class_weighting__ShapleyFeatures: primary=0.997 full=0.997 edges=nan jac=nan (n=27, tp=17) 23.7s
/home/juan/Escritorio/gnn_thesis/gnns_thesis/scripts/explain_matrix.py:245: FutureWarning: The behavior of DataFrame concatenation with empty or all-NA entries is deprecated. In a future version, this will no longer exclude empty or all-NA columns when determining the result dtypes. To retain the old behavior, exclude the relevant entries before the concat operation.
  new = pd.concat([old, new], ignore_index=True) if len(old) else new
  1:100_subil_GCN_focal_loss__GNNExplainer: primary=0.905 full=0.905 edges=0.075 jac=0.533 (n=30, tp=6) 31.9s
  PGExplainer training complete (loss=0.4863)
  PGExplainer training complete (loss=0.4322)
  PGExplainer training complete (loss=0.1947)
  PGExplainer training complete (loss=0.1811)
  PGExplainer training complete (loss=0.3955)
  1:100_subil_GCN_focal_loss__PGExplainer: primary=0.638 full=nan edges=0.638 jac=0.725 (n=15, tp=6) 81.3s
/home/juan/Escritorio/gnn_thesis/gnns_thesis/scripts/explain_matrix.py:245: FutureWarning: The behavior of DataFrame concatenation with empty or all-NA entries is deprecated. In a future version, this will no longer exclude empty or all-NA columns when determining the result dtypes. To retain the old behavior, exclude the relevant entries before the concat operation.
  new = pd.concat([old, new], ignore_index=True) if len(old) else new
  1:100_subil_GCN_focal_loss__ShapleyFeatures: primary=0.998 full=0.998 edges=nan jac=nan (n=27, tp=6) 23.7s
/home/juan/Escritorio/gnn_thesis/gnns_thesis/scripts/explain_matrix.py:245: FutureWarning: The behavior of DataFrame concatenation with empty or all-NA entries is deprecated. In a future version, this will no longer exclude empty or all-NA columns when determining the result dtypes. To retain the old behavior, exclude the relevant entries before the concat operation.
  new = pd.concat([old, new], ignore_index=True) if len(old) else new
  1:100_subil_GCN_none__GNNExplainer: primary=0.941 full=0.941 edges=0.037 jac=0.508 (n=30, tp=3) 31.5s
  PGExplainer training complete (loss=0.2857)
  PGExplainer training complete (loss=0.5893)
  PGExplainer training complete (loss=0.2971)
  PGExplainer training complete (loss=0.5727)
  PGExplainer training complete (loss=0.2543)
  1:100_subil_GCN_none__PGExplainer: primary=0.292 full=nan edges=0.292 jac=0.625 (n=16, tp=3) 82.9s
/home/juan/Escritorio/gnn_thesis/gnns_thesis/scripts/explain_matrix.py:245: FutureWarning: The behavior of DataFrame concatenation with empty or all-NA entries is deprecated. In a future version, this will no longer exclude empty or all-NA columns when determining the result dtypes. To retain the old behavior, exclude the relevant entries before the concat operation.
  new = pd.concat([old, new], ignore_index=True) if len(old) else new
  1:100_subil_GCN_none__ShapleyFeatures: primary=0.997 full=0.997 edges=nan jac=nan (n=27, tp=3) 23.9s

Done: 9 ok, 0 failed, 7.0 min. CSV: results_v4/elliptic_v4_stability.csv
Device: cuda | torch threads: 2
Label mode: licit_unknown
Preprocessing Elliptic dataset...
Creating time-based splits:
  Train: 136,265 nodes (3,462 illicit, 132,803 licit, ratio 1:38.4)
  Val  : 37,820 nodes (914 illicit, 36,906 licit, ratio 1:40.4)
  Test : 29,684 nodes (169 illicit, 29,515 licit, ratio 1:174.6)
  Split counts validated against the official Elliptic release.
Normalizing features (fit on every node of the train timesteps):
  Features normalized (RobustScaler + clip[-10,10]): mean~0.7023, std~2.3916, clipped=4.69% of values
Preprocessing complete.
Common node set: 30 illicit val nodes (seed 1234, pool 914) -> results_v4/explain_nodes_v4.json
3 checkpoints | 9 units to explain (9 already complete) | 0 checkpoints gated out

Done: 0 ok, 0 failed, 0.0 min. CSV: results_v4/elliptic_v4_stability.csv
