/home/juan/Escritorio/gnn_thesis/gnns_thesis/scripts/explain_matrix.py:245: FutureWarning: The behavior of DataFrame concatenation with empty or all-NA entries is deprecated. In a future version, this will no longer exclude empty or all-NA columns when determining the result dtypes. To retain the old behavior, exclude the relevant entries before the concat operation.
  new = pd.concat([old, new], ignore_index=True) if len(old) else new
Device: cuda | torch threads: 2
Label mode: licit_unknown
Preprocessing Elliptic dataset...
Creating time-based splits:
  Train: 136,265 nodes (3,462 illicit, 132,803 licit, ratio 1:38.4)
  Val  : 37,820 nodes (914 illicit, 36,906 licit, ratio 1:40.4)
  Test : 29,684 nodes (169 illicit, 29,515 licit, ratio 1:174.6)
  Split counts validated against the official Elliptic release.
Normalizing features (fit on every node of the train timesteps):
  Features normalized (RobustScaler + clip[-10,10]): mean~0.7023, std~2.3916, clipped=4.69% of values
Preprocessing complete.
Common node set: 30 illicit val nodes (seed 1234, pool 914) -> results_v4/explain_nodes_v4.json
3 checkpoints | 9 units to explain (0 already complete) | 0 checkpoints gated out
  1:100_subil_TAGCN_class_weighting_s43__GNNExplainer: primary=0.948 full=0.948 edges=0.020 jac=0.558 (n=30, tp=11) 50.4s
  PGExplainer training complete (loss=0.0936)
  PGExplainer training complete (loss=0.2737)
  PGExplainer training complete (loss=0.3084)
  PGExplainer training complete (loss=0.0995)
  PGExplainer training complete (loss=0.2389)
  1:100_subil_TAGCN_class_weighting_s43__PGExplainer: primary=0.331 full=nan edges=0.331 jac=0.575 (n=16, tp=11) 132.5s
/home/juan/Escritorio/gnn_thesis/gnns_thesis/scripts/explain_matrix.py:245: FutureWarning: The behavior of DataFrame concatenation with empty or all-NA entries is deprecated. In a future version, this will no longer exclude empty or all-NA columns when determining the result dtypes. To retain the old behavior, exclude the relevant entries before the concat operation.
  new = pd.concat([old, new], ignore_index=True) if len(old) else new
  1:100_subil_TAGCN_class_weighting_s43__ShapleyFeatures: primary=0.978 full=0.978 edges=nan jac=nan (n=27, tp=11) 28.5s
/home/juan/Escritorio/gnn_thesis/gnns_thesis/scripts/explain_matrix.py:245: FutureWarning: The behavior of DataFrame concatenation with empty or all-NA entries is deprecated. In a future version, this will no longer exclude empty or all-NA columns when determining the result dtypes. To retain the old behavior, exclude the relevant entries before the concat operation.
  new = pd.concat([old, new], ignore_index=True) if len(old) else new
  1:100_subil_TAGCN_focal_loss_s43__GNNExplainer: primary=0.885 full=0.885 edges=0.047 jac=0.569 (n=30, tp=0) 50.6s
  PGExplainer training complete (loss=0.3647)
  PGExplainer training complete (loss=0.5740)
  PGExplainer training complete (loss=0.3792)
  PGExplainer training complete (loss=0.4558)
  PGExplainer training complete (loss=0.5647)
  1:100_subil_TAGCN_focal_loss_s43__PGExplainer: primary=0.015 full=nan edges=0.015 jac=0.546 (n=16, tp=0) 135.9s
/home/juan/Escritorio/gnn_thesis/gnns_thesis/scripts/explain_matrix.py:245: FutureWarning: The behavior of DataFrame concatenation with empty or all-NA entries is deprecated. In a future version, this will no longer exclude empty or all-NA columns when determining the result dtypes. To retain the old behavior, exclude the relevant entries before the concat operation.
  new = pd.concat([old, new], ignore_index=True) if len(old) else new
  1:100_subil_TAGCN_focal_loss_s43__ShapleyFeatures: primary=0.993 full=0.993 edges=nan jac=nan (n=27, tp=0) 29.1s
/home/juan/Escritorio/gnn_thesis/gnns_thesis/scripts/explain_matrix.py:245: FutureWarning: The behavior of DataFrame concatenation with empty or all-NA entries is deprecated. In a future version, this will no longer exclude empty or all-NA columns when determining the result dtypes. To retain the old behavior, exclude the relevant entries before the concat operation.
  new = pd.concat([old, new], ignore_index=True) if len(old) else new
  1:100_subil_TAGCN_none_s43__GNNExplainer: primary=0.897 full=0.897 edges=0.062 jac=0.579 (n=30, tp=0) 50.8s
  PGExplainer training complete (loss=0.2698)
  PGExplainer training complete (loss=0.5139)
  PGExplainer training complete (loss=0.2551)
  PGExplainer training complete (loss=0.2353)
  PGExplainer training complete (loss=0.5010)
  1:100_subil_TAGCN_none_s43__PGExplainer: primary=0.743 full=nan edges=0.743 jac=0.700 (n=14, tp=0) 135.7s
/home/juan/Escritorio/gnn_thesis/gnns_thesis/scripts/explain_matrix.py:245: FutureWarning: The behavior of DataFrame concatenation with empty or all-NA entries is deprecated. In a future version, this will no longer exclude empty or all-NA columns when determining the result dtypes. To retain the old behavior, exclude the relevant entries before the concat operation.
  new = pd.concat([old, new], ignore_index=True) if len(old) else new
  1:100_subil_TAGCN_none_s43__ShapleyFeatures: primary=0.993 full=0.993 edges=nan jac=nan (n=27, tp=0) 28.9s

Done: 9 ok, 0 failed, 10.9 min. CSV: results_v4/elliptic_v4_stability.csv
