/home/juan/Escritorio/gnn_thesis/gnns_thesis/scripts/explain_matrix.py:245: FutureWarning: The behavior of DataFrame concatenation with empty or all-NA entries is deprecated. In a future version, this will no longer exclude empty or all-NA columns when determining the result dtypes. To retain the old behavior, exclude the relevant entries before the concat operation.
  new = pd.concat([old, new], ignore_index=True) if len(old) else new
Device: cuda | torch threads: 2
Label mode: licit_unknown
Preprocessing Elliptic dataset...
Creating time-based splits:
  Train: 136,265 nodes (3,462 illicit, 132,803 licit, ratio 1:38.4)
  Val  : 37,820 nodes (914 illicit, 36,906 licit, ratio 1:40.4)
  Test : 29,684 nodes (169 illicit, 29,515 licit, ratio 1:174.6)
  Split counts validated against the official Elliptic release.
Normalizing features (fit on every node of the train timesteps):
  Features normalized (RobustScaler + clip[-10,10]): mean~0.7023, std~2.3916, clipped=4.69% of values
Preprocessing complete.
Common node set: 30 illicit val nodes (seed 1234, pool 914) -> results_v4/explain_nodes_v4.json
3 checkpoints | 9 units to explain (0 already complete) | 0 checkpoints gated out
  1:100_subil_GraphSAGE_class_weighting__GNNExplainer: primary=0.965 full=0.965 edges=0.069 jac=0.533 (n=30, tp=17) 25.7s
  PGExplainer training complete (loss=0.2456)
  PGExplainer training complete (loss=0.2700)
  PGExplainer training complete (loss=0.2053)
  PGExplainer training complete (loss=0.2038)
  PGExplainer training complete (loss=0.3161)
  1:100_subil_GraphSAGE_class_weighting__PGExplainer: primary=0.042 full=nan edges=0.042 jac=0.454 (n=16, tp=17) 66.4s
/home/juan/Escritorio/gnn_thesis/gnns_thesis/scripts/explain_matrix.py:245: FutureWarning: The behavior of DataFrame concatenation with empty or all-NA entries is deprecated. In a future version, this will no longer exclude empty or all-NA columns when determining the result dtypes. To retain the old behavior, exclude the relevant entries before the concat operation.
  new = pd.concat([old, new], ignore_index=True) if len(old) else new
  1:100_subil_GraphSAGE_class_weighting__ShapleyFeatures: primary=0.993 full=0.993 edges=nan jac=nan (n=27, tp=17) 22.0s
/home/juan/Escritorio/gnn_thesis/gnns_thesis/scripts/explain_matrix.py:245: FutureWarning: The behavior of DataFrame concatenation with empty or all-NA entries is deprecated. In a future version, this will no longer exclude empty or all-NA columns when determining the result dtypes. To retain the old behavior, exclude the relevant entries before the concat operation.
  new = pd.concat([old, new], ignore_index=True) if len(old) else new
  1:100_subil_GraphSAGE_focal_loss__GNNExplainer: primary=0.908 full=0.908 edges=0.166 jac=0.575 (n=30, tp=9) 28.8s
  PGExplainer training complete (loss=0.4179)
  PGExplainer training complete (loss=0.4869)
  PGExplainer training complete (loss=0.3936)
  PGExplainer training complete (loss=0.3802)
  PGExplainer training complete (loss=0.6120)
  1:100_subil_GraphSAGE_focal_loss__PGExplainer: primary=0.247 full=nan edges=0.247 jac=0.654 (n=16, tp=9) 79.0s
/home/juan/Escritorio/gnn_thesis/gnns_thesis/scripts/explain_matrix.py:245: FutureWarning: The behavior of DataFrame concatenation with empty or all-NA entries is deprecated. In a future version, this will no longer exclude empty or all-NA columns when determining the result dtypes. To retain the old behavior, exclude the relevant entries before the concat operation.
  new = pd.concat([old, new], ignore_index=True) if len(old) else new
  1:100_subil_GraphSAGE_focal_loss__ShapleyFeatures: primary=0.995 full=0.995 edges=nan jac=nan (n=27, tp=9) 23.3s
/home/juan/Escritorio/gnn_thesis/gnns_thesis/scripts/explain_matrix.py:245: FutureWarning: The behavior of DataFrame concatenation with empty or all-NA entries is deprecated. In a future version, this will no longer exclude empty or all-NA columns when determining the result dtypes. To retain the old behavior, exclude the relevant entries before the concat operation.
  new = pd.concat([old, new], ignore_index=True) if len(old) else new
  1:100_subil_GraphSAGE_none__GNNExplainer: primary=0.905 full=0.905 edges=0.153 jac=0.571 (n=30, tp=4) 29.5s
  PGExplainer training complete (loss=0.4381)
  PGExplainer training complete (loss=0.6612)
  PGExplainer training complete (loss=0.4141)
  PGExplainer training complete (loss=0.4350)
  PGExplainer training complete (loss=0.3978)
  1:100_subil_GraphSAGE_none__PGExplainer: primary=-0.002 full=nan edges=-0.002 jac=0.658 (n=9, tp=4) 81.0s
/home/juan/Escritorio/gnn_thesis/gnns_thesis/scripts/explain_matrix.py:245: FutureWarning: The behavior of DataFrame concatenation with empty or all-NA entries is deprecated. In a future version, this will no longer exclude empty or all-NA columns when determining the result dtypes. To retain the old behavior, exclude the relevant entries before the concat operation.
  new = pd.concat([old, new], ignore_index=True) if len(old) else new
  1:100_subil_GraphSAGE_none__ShapleyFeatures: primary=0.995 full=0.995 edges=nan jac=nan (n=27, tp=4) 23.1s

Done: 9 ok, 0 failed, 6.4 min. CSV: results_v4/elliptic_v4_stability.csv
Device: cuda | torch threads: 2
Label mode: licit_unknown
Preprocessing Elliptic dataset...
Creating time-based splits:
  Train: 136,265 nodes (3,462 illicit, 132,803 licit, ratio 1:38.4)
  Val  : 37,820 nodes (914 illicit, 36,906 licit, ratio 1:40.4)
  Test : 29,684 nodes (169 illicit, 29,515 licit, ratio 1:174.6)
  Split counts validated against the official Elliptic release.
Normalizing features (fit on every node of the train timesteps):
  Features normalized (RobustScaler + clip[-10,10]): mean~0.7023, std~2.3916, clipped=4.69% of values
Preprocessing complete.
Common node set: 30 illicit val nodes (seed 1234, pool 914) -> results_v4/explain_nodes_v4.json
3 checkpoints | 9 units to explain (9 already complete) | 0 checkpoints gated out

Done: 0 ok, 0 failed, 0.0 min. CSV: results_v4/elliptic_v4_stability.csv
