/home/juan/Escritorio/gnn_thesis/gnns_thesis/scripts/explain_matrix.py:245: FutureWarning: The behavior of DataFrame concatenation with empty or all-NA entries is deprecated. In a future version, this will no longer exclude empty or all-NA columns when determining the result dtypes. To retain the old behavior, exclude the relevant entries before the concat operation.
  new = pd.concat([old, new], ignore_index=True) if len(old) else new
Device: cuda | torch threads: 2
Label mode: licit_unknown
Preprocessing Elliptic dataset...
Creating time-based splits:
  Train: 136,265 nodes (3,462 illicit, 132,803 licit, ratio 1:38.4)
  Val  : 37,820 nodes (914 illicit, 36,906 licit, ratio 1:40.4)
  Test : 29,684 nodes (169 illicit, 29,515 licit, ratio 1:174.6)
  Split counts validated against the official Elliptic release.
Normalizing features (fit on every node of the train timesteps):
  Features normalized (RobustScaler + clip[-10,10]): mean~0.7023, std~2.3916, clipped=4.69% of values
Preprocessing complete.
Common node set: 30 illicit val nodes (seed 1234, pool 914) -> results_v4/explain_nodes_v4.json
3 checkpoints | 9 units to explain (0 already complete) | 0 checkpoints gated out
  1:100_subil_GCN_class_weighting_s44__GNNExplainer: primary=0.941 full=0.941 edges=0.037 jac=0.521 (n=30, tp=13) 34.7s
  PGExplainer training complete (loss=0.3236)
  PGExplainer training complete (loss=0.5761)
  PGExplainer training complete (loss=0.2663)
  PGExplainer training complete (loss=0.5935)
  PGExplainer training complete (loss=0.5852)
  1:100_subil_GCN_class_weighting_s44__PGExplainer: primary=0.592 full=nan edges=0.592 jac=0.625 (n=16, tp=13) 91.9s
/home/juan/Escritorio/gnn_thesis/gnns_thesis/scripts/explain_matrix.py:245: FutureWarning: The behavior of DataFrame concatenation with empty or all-NA entries is deprecated. In a future version, this will no longer exclude empty or all-NA columns when determining the result dtypes. To retain the old behavior, exclude the relevant entries before the concat operation.
  new = pd.concat([old, new], ignore_index=True) if len(old) else new
  1:100_subil_GCN_class_weighting_s44__ShapleyFeatures: primary=0.996 full=0.996 edges=nan jac=nan (n=27, tp=13) 25.0s
/home/juan/Escritorio/gnn_thesis/gnns_thesis/scripts/explain_matrix.py:245: FutureWarning: The behavior of DataFrame concatenation with empty or all-NA entries is deprecated. In a future version, this will no longer exclude empty or all-NA columns when determining the result dtypes. To retain the old behavior, exclude the relevant entries before the concat operation.
  new = pd.concat([old, new], ignore_index=True) if len(old) else new
  1:100_subil_GCN_focal_loss_s44__GNNExplainer: primary=0.923 full=0.923 edges=0.075 jac=0.533 (n=30, tp=9) 34.7s
  PGExplainer training complete (loss=0.4814)
  PGExplainer training complete (loss=0.4253)
  PGExplainer training complete (loss=0.1781)
  PGExplainer training complete (loss=0.1908)
  PGExplainer training complete (loss=0.4079)
  1:100_subil_GCN_focal_loss_s44__PGExplainer: primary=0.436 full=nan edges=0.436 jac=0.600 (n=15, tp=9) 91.6s
/home/juan/Escritorio/gnn_thesis/gnns_thesis/scripts/explain_matrix.py:245: FutureWarning: The behavior of DataFrame concatenation with empty or all-NA entries is deprecated. In a future version, this will no longer exclude empty or all-NA columns when determining the result dtypes. To retain the old behavior, exclude the relevant entries before the concat operation.
  new = pd.concat([old, new], ignore_index=True) if len(old) else new
  1:100_subil_GCN_focal_loss_s44__ShapleyFeatures: primary=0.997 full=0.997 edges=nan jac=nan (n=27, tp=9) 25.1s
/home/juan/Escritorio/gnn_thesis/gnns_thesis/scripts/explain_matrix.py:245: FutureWarning: The behavior of DataFrame concatenation with empty or all-NA entries is deprecated. In a future version, this will no longer exclude empty or all-NA columns when determining the result dtypes. To retain the old behavior, exclude the relevant entries before the concat operation.
  new = pd.concat([old, new], ignore_index=True) if len(old) else new
  1:100_subil_GCN_none_s44__GNNExplainer: primary=0.937 full=0.937 edges=0.062 jac=0.533 (n=30, tp=3) 34.9s
  PGExplainer training complete (loss=0.2561)
  PGExplainer training complete (loss=0.5243)
  PGExplainer training complete (loss=0.2321)
  PGExplainer training complete (loss=0.6065)
  PGExplainer training complete (loss=0.5226)
  1:100_subil_GCN_none_s44__PGExplainer: primary=0.708 full=nan edges=0.708 jac=0.637 (n=16, tp=3) 93.0s
/home/juan/Escritorio/gnn_thesis/gnns_thesis/scripts/explain_matrix.py:245: FutureWarning: The behavior of DataFrame concatenation with empty or all-NA entries is deprecated. In a future version, this will no longer exclude empty or all-NA columns when determining the result dtypes. To retain the old behavior, exclude the relevant entries before the concat operation.
  new = pd.concat([old, new], ignore_index=True) if len(old) else new
  1:100_subil_GCN_none_s44__ShapleyFeatures: primary=0.997 full=0.997 edges=nan jac=nan (n=27, tp=3) 24.9s

Done: 9 ok, 0 failed, 7.7 min. CSV: results_v4/elliptic_v4_stability.csv
