/home/juan/Escritorio/gnn_thesis/gnns_thesis/scripts/explain_matrix.py:245: FutureWarning: The behavior of DataFrame concatenation with empty or all-NA entries is deprecated. In a future version, this will no longer exclude empty or all-NA columns when determining the result dtypes. To retain the old behavior, exclude the relevant entries before the concat operation.
  new = pd.concat([old, new], ignore_index=True) if len(old) else new
Device: cuda | torch threads: 2
Label mode: licit_unknown
Preprocessing Elliptic dataset...
Creating time-based splits:
  Train: 136,265 nodes (3,462 illicit, 132,803 licit, ratio 1:38.4)
  Val  : 37,820 nodes (914 illicit, 36,906 licit, ratio 1:40.4)
  Test : 29,684 nodes (169 illicit, 29,515 licit, ratio 1:174.6)
  Split counts validated against the official Elliptic release.
Normalizing features (fit on every node of the train timesteps):
  Features normalized (RobustScaler + clip[-10,10]): mean~0.7023, std~2.3916, clipped=4.69% of values
Preprocessing complete.
Common node set: 30 illicit val nodes (seed 1234, pool 914) -> results_v4/explain_nodes_v4.json
3 checkpoints | 9 units to explain (0 already complete) | 0 checkpoints gated out
  1:200_subil_GraphSAGE_class_weighting__GNNExplainer: primary=0.953 full=0.953 edges=0.044 jac=0.521 (n=30, tp=18) 25.2s
  PGExplainer training complete (loss=0.2438)
  PGExplainer training complete (loss=0.8309)
  PGExplainer training complete (loss=0.7963)
  PGExplainer training complete (loss=0.5183)
  PGExplainer training complete (loss=0.2434)
  1:200_subil_GraphSAGE_class_weighting__PGExplainer: primary=0.044 full=nan edges=0.044 jac=0.517 (n=16, tp=18) 65.4s
/home/juan/Escritorio/gnn_thesis/gnns_thesis/scripts/explain_matrix.py:245: FutureWarning: The behavior of DataFrame concatenation with empty or all-NA entries is deprecated. In a future version, this will no longer exclude empty or all-NA columns when determining the result dtypes. To retain the old behavior, exclude the relevant entries before the concat operation.
  new = pd.concat([old, new], ignore_index=True) if len(old) else new
  1:200_subil_GraphSAGE_class_weighting__ShapleyFeatures: primary=0.994 full=0.994 edges=nan jac=nan (n=27, tp=18) 22.2s
/home/juan/Escritorio/gnn_thesis/gnns_thesis/scripts/explain_matrix.py:245: FutureWarning: The behavior of DataFrame concatenation with empty or all-NA entries is deprecated. In a future version, this will no longer exclude empty or all-NA columns when determining the result dtypes. To retain the old behavior, exclude the relevant entries before the concat operation.
  new = pd.concat([old, new], ignore_index=True) if len(old) else new
  1:200_subil_GraphSAGE_focal_loss__GNNExplainer: primary=0.905 full=0.905 edges=0.153 jac=0.571 (n=30, tp=4) 29.4s
  PGExplainer training complete (loss=0.4390)
  PGExplainer training complete (loss=0.6629)
  PGExplainer training complete (loss=0.4154)
  PGExplainer training complete (loss=0.4370)
  PGExplainer training complete (loss=0.3987)
  1:200_subil_GraphSAGE_focal_loss__PGExplainer: primary=0.018 full=nan edges=0.018 jac=0.662 (n=9, tp=4) 79.2s
/home/juan/Escritorio/gnn_thesis/gnns_thesis/scripts/explain_matrix.py:245: FutureWarning: The behavior of DataFrame concatenation with empty or all-NA entries is deprecated. In a future version, this will no longer exclude empty or all-NA columns when determining the result dtypes. To retain the old behavior, exclude the relevant entries before the concat operation.
  new = pd.concat([old, new], ignore_index=True) if len(old) else new
  1:200_subil_GraphSAGE_focal_loss__ShapleyFeatures: primary=0.996 full=0.996 edges=nan jac=nan (n=27, tp=4) 22.9s
/home/juan/Escritorio/gnn_thesis/gnns_thesis/scripts/explain_matrix.py:245: FutureWarning: The behavior of DataFrame concatenation with empty or all-NA entries is deprecated. In a future version, this will no longer exclude empty or all-NA columns when determining the result dtypes. To retain the old behavior, exclude the relevant entries before the concat operation.
  new = pd.concat([old, new], ignore_index=True) if len(old) else new
  1:200_subil_GraphSAGE_none__GNNExplainer: primary=0.887 full=0.887 edges=0.169 jac=0.583 (n=30, tp=0) 26.1s
  PGExplainer training complete (loss=0.2076)
  PGExplainer training complete (loss=0.1758)
  PGExplainer training complete (loss=0.0645)
  PGExplainer training complete (loss=0.0698)
  PGExplainer training complete (loss=0.0541)
  1:200_subil_GraphSAGE_none__PGExplainer: primary=1.000 full=nan edges=1.000 jac=0.825 (n=7, tp=0) 66.1s
/home/juan/Escritorio/gnn_thesis/gnns_thesis/scripts/explain_matrix.py:245: FutureWarning: The behavior of DataFrame concatenation with empty or all-NA entries is deprecated. In a future version, this will no longer exclude empty or all-NA columns when determining the result dtypes. To retain the old behavior, exclude the relevant entries before the concat operation.
  new = pd.concat([old, new], ignore_index=True) if len(old) else new
  1:200_subil_GraphSAGE_none__ShapleyFeatures: primary=0.998 full=0.998 edges=nan jac=nan (n=27, tp=0) 22.2s

Done: 9 ok, 0 failed, 6.1 min. CSV: results_v4/elliptic_v4_stability.csv
