/home/juan/Escritorio/gnn_thesis/gnns_thesis/scripts/explain_matrix.py:245: FutureWarning: The behavior of DataFrame concatenation with empty or all-NA entries is deprecated. In a future version, this will no longer exclude empty or all-NA columns when determining the result dtypes. To retain the old behavior, exclude the relevant entries before the concat operation.
  new = pd.concat([old, new], ignore_index=True) if len(old) else new
Device: cuda | torch threads: 2
Label mode: licit_unknown
Preprocessing Elliptic dataset...
Creating time-based splits:
  Train: 136,265 nodes (3,462 illicit, 132,803 licit, ratio 1:38.4)
  Val  : 37,820 nodes (914 illicit, 36,906 licit, ratio 1:40.4)
  Test : 29,684 nodes (169 illicit, 29,515 licit, ratio 1:174.6)
  Split counts validated against the official Elliptic release.
Normalizing features (fit on every node of the train timesteps):
  Features normalized (RobustScaler + clip[-10,10]): mean~0.7023, std~2.3916, clipped=4.69% of values
Preprocessing complete.
Common node set: 30 illicit val nodes (seed 1234, pool 914) -> results_v4/explain_nodes_v4.json
3 checkpoints | 9 units to explain (0 already complete) | 0 checkpoints gated out
  1:200_subil_TAGCN_class_weighting_s43__GNNExplainer: primary=0.945 full=0.945 edges=0.087 jac=0.586 (n=30, tp=10) 52.1s
  PGExplainer training complete (loss=0.1201)
  PGExplainer training complete (loss=0.8137)
  PGExplainer training complete (loss=0.7039)
  PGExplainer training complete (loss=0.3578)
  PGExplainer training complete (loss=0.7842)
  1:200_subil_TAGCN_class_weighting_s43__PGExplainer: primary=0.563 full=nan edges=0.563 jac=0.679 (n=16, tp=10) 136.8s
/home/juan/Escritorio/gnn_thesis/gnns_thesis/scripts/explain_matrix.py:245: FutureWarning: The behavior of DataFrame concatenation with empty or all-NA entries is deprecated. In a future version, this will no longer exclude empty or all-NA columns when determining the result dtypes. To retain the old behavior, exclude the relevant entries before the concat operation.
  new = pd.concat([old, new], ignore_index=True) if len(old) else new
  1:200_subil_TAGCN_class_weighting_s43__ShapleyFeatures: primary=0.980 full=0.980 edges=nan jac=nan (n=27, tp=10) 27.0s
/home/juan/Escritorio/gnn_thesis/gnns_thesis/scripts/explain_matrix.py:245: FutureWarning: The behavior of DataFrame concatenation with empty or all-NA entries is deprecated. In a future version, this will no longer exclude empty or all-NA columns when determining the result dtypes. To retain the old behavior, exclude the relevant entries before the concat operation.
  new = pd.concat([old, new], ignore_index=True) if len(old) else new
  1:200_subil_TAGCN_focal_loss_s43__GNNExplainer: primary=0.920 full=0.920 edges=0.121 jac=0.672 (n=30, tp=7) 35.6s
  PGExplainer training complete (loss=0.4264)
  PGExplainer training complete (loss=0.4113)
  PGExplainer training complete (loss=0.3981)
  PGExplainer training complete (loss=0.4222)
  PGExplainer training complete (loss=0.7158)
  1:200_subil_TAGCN_focal_loss_s43__PGExplainer: primary=0.247 full=nan edges=0.247 jac=0.679 (n=16, tp=7) 95.3s
/home/juan/Escritorio/gnn_thesis/gnns_thesis/scripts/explain_matrix.py:245: FutureWarning: The behavior of DataFrame concatenation with empty or all-NA entries is deprecated. In a future version, this will no longer exclude empty or all-NA columns when determining the result dtypes. To retain the old behavior, exclude the relevant entries before the concat operation.
  new = pd.concat([old, new], ignore_index=True) if len(old) else new
  1:200_subil_TAGCN_focal_loss_s43__ShapleyFeatures: primary=0.997 full=0.997 edges=nan jac=nan (n=27, tp=7) 24.3s
/home/juan/Escritorio/gnn_thesis/gnns_thesis/scripts/explain_matrix.py:245: FutureWarning: The behavior of DataFrame concatenation with empty or all-NA entries is deprecated. In a future version, this will no longer exclude empty or all-NA columns when determining the result dtypes. To retain the old behavior, exclude the relevant entries before the concat operation.
  new = pd.concat([old, new], ignore_index=True) if len(old) else new
  1:200_subil_TAGCN_none_s43__GNNExplainer: primary=0.897 full=0.897 edges=0.062 jac=0.579 (n=30, tp=0) 47.2s
  PGExplainer training complete (loss=0.2696)
  PGExplainer training complete (loss=0.5136)
  PGExplainer training complete (loss=0.2548)
  PGExplainer training complete (loss=0.2351)
  PGExplainer training complete (loss=0.5006)
  1:200_subil_TAGCN_none_s43__PGExplainer: primary=0.743 full=nan edges=0.743 jac=0.700 (n=14, tp=0) 121.8s
/home/juan/Escritorio/gnn_thesis/gnns_thesis/scripts/explain_matrix.py:245: FutureWarning: The behavior of DataFrame concatenation with empty or all-NA entries is deprecated. In a future version, this will no longer exclude empty or all-NA columns when determining the result dtypes. To retain the old behavior, exclude the relevant entries before the concat operation.
  new = pd.concat([old, new], ignore_index=True) if len(old) else new
  1:200_subil_TAGCN_none_s43__ShapleyFeatures: primary=0.993 full=0.993 edges=nan jac=nan (n=27, tp=0) 28.5s

Done: 9 ok, 0 failed, 9.6 min. CSV: results_v4/elliptic_v4_stability.csv
