/home/juan/Escritorio/gnn_thesis/gnns_thesis/scripts/explain_matrix.py:245: FutureWarning: The behavior of DataFrame concatenation with empty or all-NA entries is deprecated. In a future version, this will no longer exclude empty or all-NA columns when determining the result dtypes. To retain the old behavior, exclude the relevant entries before the concat operation.
  new = pd.concat([old, new], ignore_index=True) if len(old) else new
Device: cuda | torch threads: 2
Label mode: licit_unknown
Preprocessing Elliptic dataset...
Creating time-based splits:
  Train: 136,265 nodes (3,462 illicit, 132,803 licit, ratio 1:38.4)
  Val  : 37,820 nodes (914 illicit, 36,906 licit, ratio 1:40.4)
  Test : 29,684 nodes (169 illicit, 29,515 licit, ratio 1:174.6)
  Split counts validated against the official Elliptic release.
Normalizing features (fit on every node of the train timesteps):
  Features normalized (RobustScaler + clip[-10,10]): mean~0.7023, std~2.3916, clipped=4.69% of values
Preprocessing complete.
Common node set: 30 illicit val nodes (seed 1234, pool 914) -> results_v4/explain_nodes_v4.json
3 checkpoints | 9 units to explain (0 already complete) | 0 checkpoints gated out
  1:200_subil_GraphSAGE_class_weighting_s44__GNNExplainer: primary=0.915 full=0.915 edges=0.144 jac=0.571 (n=30, tp=14) 28.1s
  PGExplainer training complete (loss=0.4163)
  PGExplainer training complete (loss=0.3809)
  PGExplainer training complete (loss=0.3020)
  PGExplainer training complete (loss=0.3313)
  PGExplainer training complete (loss=0.4384)
  1:200_subil_GraphSAGE_class_weighting_s44__PGExplainer: primary=0.304 full=nan edges=0.304 jac=0.538 (n=16, tp=14) 72.0s
/home/juan/Escritorio/gnn_thesis/gnns_thesis/scripts/explain_matrix.py:245: FutureWarning: The behavior of DataFrame concatenation with empty or all-NA entries is deprecated. In a future version, this will no longer exclude empty or all-NA columns when determining the result dtypes. To retain the old behavior, exclude the relevant entries before the concat operation.
  new = pd.concat([old, new], ignore_index=True) if len(old) else new
  1:200_subil_GraphSAGE_class_weighting_s44__ShapleyFeatures: primary=0.997 full=0.997 edges=nan jac=nan (n=27, tp=14) 23.1s
/home/juan/Escritorio/gnn_thesis/gnns_thesis/scripts/explain_matrix.py:245: FutureWarning: The behavior of DataFrame concatenation with empty or all-NA entries is deprecated. In a future version, this will no longer exclude empty or all-NA columns when determining the result dtypes. To retain the old behavior, exclude the relevant entries before the concat operation.
  new = pd.concat([old, new], ignore_index=True) if len(old) else new
  1:200_subil_GraphSAGE_focal_loss_s44__GNNExplainer: primary=0.910 full=0.910 edges=0.128 jac=0.571 (n=30, tp=1) 32.0s
  PGExplainer training complete (loss=0.3434)
  PGExplainer training complete (loss=0.6544)
  PGExplainer training complete (loss=0.3172)
  PGExplainer training complete (loss=0.3336)
  PGExplainer training complete (loss=0.3157)
  1:200_subil_GraphSAGE_focal_loss_s44__PGExplainer: primary=-0.067 full=nan edges=-0.067 jac=0.721 (n=4, tp=1) 86.1s
/home/juan/Escritorio/gnn_thesis/gnns_thesis/scripts/explain_matrix.py:245: FutureWarning: The behavior of DataFrame concatenation with empty or all-NA entries is deprecated. In a future version, this will no longer exclude empty or all-NA columns when determining the result dtypes. To retain the old behavior, exclude the relevant entries before the concat operation.
  new = pd.concat([old, new], ignore_index=True) if len(old) else new
  1:200_subil_GraphSAGE_focal_loss_s44__ShapleyFeatures: primary=0.995 full=0.995 edges=nan jac=nan (n=27, tp=1) 23.8s
/home/juan/Escritorio/gnn_thesis/gnns_thesis/scripts/explain_matrix.py:245: FutureWarning: The behavior of DataFrame concatenation with empty or all-NA entries is deprecated. In a future version, this will no longer exclude empty or all-NA columns when determining the result dtypes. To retain the old behavior, exclude the relevant entries before the concat operation.
  new = pd.concat([old, new], ignore_index=True) if len(old) else new
  1:200_subil_GraphSAGE_none_s44__GNNExplainer: primary=0.890 full=0.890 edges=0.169 jac=0.583 (n=30, tp=0) 27.1s
  PGExplainer training complete (loss=0.1749)
  PGExplainer training complete (loss=0.1423)
  PGExplainer training complete (loss=0.0680)
  PGExplainer training complete (loss=0.0771)
  PGExplainer training complete (loss=0.0648)
  1:200_subil_GraphSAGE_none_s44__PGExplainer: primary=1.000 full=nan edges=1.000 jac=0.850 (n=8, tp=0) 71.9s
/home/juan/Escritorio/gnn_thesis/gnns_thesis/scripts/explain_matrix.py:245: FutureWarning: The behavior of DataFrame concatenation with empty or all-NA entries is deprecated. In a future version, this will no longer exclude empty or all-NA columns when determining the result dtypes. To retain the old behavior, exclude the relevant entries before the concat operation.
  new = pd.concat([old, new], ignore_index=True) if len(old) else new
  1:200_subil_GraphSAGE_none_s44__ShapleyFeatures: primary=0.997 full=0.997 edges=nan jac=nan (n=27, tp=0) 22.9s

Done: 9 ok, 0 failed, 6.6 min. CSV: results_v4/elliptic_v4_stability.csv
