/home/juan/Escritorio/gnn_thesis/gnns_thesis/scripts/explain_matrix.py:245: FutureWarning: The behavior of DataFrame concatenation with empty or all-NA entries is deprecated. In a future version, this will no longer exclude empty or all-NA columns when determining the result dtypes. To retain the old behavior, exclude the relevant entries before the concat operation.
  new = pd.concat([old, new], ignore_index=True) if len(old) else new
Device: cuda | torch threads: 2
Label mode: licit_unknown
Preprocessing Elliptic dataset...
Creating time-based splits:
  Train: 136,265 nodes (3,462 illicit, 132,803 licit, ratio 1:38.4)
  Val  : 37,820 nodes (914 illicit, 36,906 licit, ratio 1:40.4)
  Test : 29,684 nodes (169 illicit, 29,515 licit, ratio 1:174.6)
  Split counts validated against the official Elliptic release.
Normalizing features (fit on every node of the train timesteps):
  Features normalized (RobustScaler + clip[-10,10]): mean~0.7023, std~2.3916, clipped=4.69% of values
Preprocessing complete.
Common node set: 30 illicit val nodes (seed 1234, pool 914) -> results_v4/explain_nodes_v4.json
3 checkpoints | 9 units to explain (0 already complete) | 0 checkpoints gated out
  1:100_subil_TAGCN_class_weighting__GNNExplainer: primary=0.947 full=0.947 edges=0.073 jac=0.571 (n=30, tp=15) 49.2s
  PGExplainer training complete (loss=0.0722)
  PGExplainer training complete (loss=0.3627)
  PGExplainer training complete (loss=0.2262)
  PGExplainer training complete (loss=0.1305)
  PGExplainer training complete (loss=0.2277)
  1:100_subil_TAGCN_class_weighting__PGExplainer: primary=0.183 full=nan edges=0.183 jac=0.608 (n=16, tp=15) 133.0s
/home/juan/Escritorio/gnn_thesis/gnns_thesis/scripts/explain_matrix.py:245: FutureWarning: The behavior of DataFrame concatenation with empty or all-NA entries is deprecated. In a future version, this will no longer exclude empty or all-NA columns when determining the result dtypes. To retain the old behavior, exclude the relevant entries before the concat operation.
  new = pd.concat([old, new], ignore_index=True) if len(old) else new
  1:100_subil_TAGCN_class_weighting__ShapleyFeatures: primary=0.977 full=0.977 edges=nan jac=nan (n=27, tp=15) 28.1s
/home/juan/Escritorio/gnn_thesis/gnns_thesis/scripts/explain_matrix.py:245: FutureWarning: The behavior of DataFrame concatenation with empty or all-NA entries is deprecated. In a future version, this will no longer exclude empty or all-NA columns when determining the result dtypes. To retain the old behavior, exclude the relevant entries before the concat operation.
  new = pd.concat([old, new], ignore_index=True) if len(old) else new
  1:100_subil_TAGCN_focal_loss__GNNExplainer: primary=0.927 full=0.927 edges=0.114 jac=0.592 (n=30, tp=3) 49.3s
  PGExplainer training complete (loss=0.3144)
  PGExplainer training complete (loss=0.4288)
  PGExplainer training complete (loss=0.4244)
  PGExplainer training complete (loss=0.3954)
  PGExplainer training complete (loss=0.4033)
  1:100_subil_TAGCN_focal_loss__PGExplainer: primary=0.288 full=nan edges=0.288 jac=0.633 (n=16, tp=3) 133.2s
/home/juan/Escritorio/gnn_thesis/gnns_thesis/scripts/explain_matrix.py:245: FutureWarning: The behavior of DataFrame concatenation with empty or all-NA entries is deprecated. In a future version, this will no longer exclude empty or all-NA columns when determining the result dtypes. To retain the old behavior, exclude the relevant entries before the concat operation.
  new = pd.concat([old, new], ignore_index=True) if len(old) else new
  1:100_subil_TAGCN_focal_loss__ShapleyFeatures: primary=0.995 full=0.995 edges=nan jac=nan (n=27, tp=3) 28.2s
/home/juan/Escritorio/gnn_thesis/gnns_thesis/scripts/explain_matrix.py:245: FutureWarning: The behavior of DataFrame concatenation with empty or all-NA entries is deprecated. In a future version, this will no longer exclude empty or all-NA columns when determining the result dtypes. To retain the old behavior, exclude the relevant entries before the concat operation.
  new = pd.concat([old, new], ignore_index=True) if len(old) else new
  1:100_subil_TAGCN_none__GNNExplainer: primary=0.908 full=0.908 edges=0.064 jac=0.577 (n=30, tp=0) 47.9s
  PGExplainer training complete (loss=0.2867)
  PGExplainer training complete (loss=0.4500)
  PGExplainer training complete (loss=0.2666)
  PGExplainer training complete (loss=0.2357)
  PGExplainer training complete (loss=0.4371)
  1:100_subil_TAGCN_none__PGExplainer: primary=0.321 full=nan edges=0.321 jac=0.621 (n=14, tp=0) 132.6s
/home/juan/Escritorio/gnn_thesis/gnns_thesis/scripts/explain_matrix.py:245: FutureWarning: The behavior of DataFrame concatenation with empty or all-NA entries is deprecated. In a future version, this will no longer exclude empty or all-NA columns when determining the result dtypes. To retain the old behavior, exclude the relevant entries before the concat operation.
  new = pd.concat([old, new], ignore_index=True) if len(old) else new
  1:100_subil_TAGCN_none__ShapleyFeatures: primary=0.995 full=0.995 edges=nan jac=nan (n=27, tp=0) 27.8s

Done: 9 ok, 0 failed, 10.6 min. CSV: results_v4/elliptic_v4_stability.csv
Device: cuda | torch threads: 2
Label mode: licit_unknown
Preprocessing Elliptic dataset...
Creating time-based splits:
  Train: 136,265 nodes (3,462 illicit, 132,803 licit, ratio 1:38.4)
  Val  : 37,820 nodes (914 illicit, 36,906 licit, ratio 1:40.4)
  Test : 29,684 nodes (169 illicit, 29,515 licit, ratio 1:174.6)
  Split counts validated against the official Elliptic release.
Normalizing features (fit on every node of the train timesteps):
  Features normalized (RobustScaler + clip[-10,10]): mean~0.7023, std~2.3916, clipped=4.69% of values
Preprocessing complete.
Common node set: 30 illicit val nodes (seed 1234, pool 914) -> results_v4/explain_nodes_v4.json
3 checkpoints | 9 units to explain (9 already complete) | 0 checkpoints gated out

Done: 0 ok, 0 failed, 0.0 min. CSV: results_v4/elliptic_v4_stability.csv
