/home/juan/Escritorio/gnn_thesis/gnns_thesis/scripts/explain_matrix.py:237: FutureWarning: The behavior of DataFrame concatenation with empty or all-NA entries is deprecated. In a future version, this will no longer exclude empty or all-NA columns when determining the result dtypes. To retain the old behavior, exclude the relevant entries before the concat operation.
  new = pd.concat([old, new], ignore_index=True) if len(old) else new
Device: cuda | torch threads: 2
Label mode: licit_unknown
Preprocessing Elliptic dataset...
Creating time-based splits:
  Train: 136,265 nodes (3,462 illicit, 132,803 licit, ratio 1:38.4)
  Val  : 37,820 nodes (914 illicit, 36,906 licit, ratio 1:40.4)
  Test : 29,684 nodes (169 illicit, 29,515 licit, ratio 1:174.6)
  Split counts validated against the official Elliptic release.
Normalizing features (fit on every node of the train timesteps):
  Features normalized (RobustScaler + clip[-10,10]): mean~0.7023, std~2.3916, clipped=4.69% of values
Preprocessing complete.
Common node set: 30 illicit val nodes (seed 1234, pool 914) -> results_v4/explain_nodes_v4.json
3 checkpoints | 9 units to explain (0 already complete) | 0 checkpoints gated out
  native_GCN_class_weighting_s43__GNNExplainer: primary=0.929 full=0.929 edges=0.050 jac=0.521 (n=30, tp=14) 34.6s
  PGExplainer training complete (loss=0.5729)
  PGExplainer training complete (loss=0.4940)
  PGExplainer training complete (loss=0.1537)
  PGExplainer training complete (loss=0.3136)
  PGExplainer training complete (loss=0.4878)
  native_GCN_class_weighting_s43__PGExplainer: primary=0.430 full=nan edges=0.430 jac=0.612 (n=15, tp=14) 89.9s
/home/juan/Escritorio/gnn_thesis/gnns_thesis/scripts/explain_matrix.py:237: FutureWarning: The behavior of DataFrame concatenation with empty or all-NA entries is deprecated. In a future version, this will no longer exclude empty or all-NA columns when determining the result dtypes. To retain the old behavior, exclude the relevant entries before the concat operation.
  new = pd.concat([old, new], ignore_index=True) if len(old) else new
  native_GCN_class_weighting_s43__ShapleyFeatures: primary=0.997 full=0.997 edges=nan jac=nan (n=27, tp=14) 24.9s
/home/juan/Escritorio/gnn_thesis/gnns_thesis/scripts/explain_matrix.py:237: FutureWarning: The behavior of DataFrame concatenation with empty or all-NA entries is deprecated. In a future version, this will no longer exclude empty or all-NA columns when determining the result dtypes. To retain the old behavior, exclude the relevant entries before the concat operation.
  new = pd.concat([old, new], ignore_index=True) if len(old) else new
  native_GCN_focal_loss_s43__GNNExplainer: primary=0.915 full=0.915 edges=0.137 jac=0.571 (n=30, tp=6) 33.6s
  PGExplainer training complete (loss=0.5840)
  PGExplainer training complete (loss=0.5276)
  PGExplainer training complete (loss=0.2334)
  PGExplainer training complete (loss=0.2527)
  PGExplainer training complete (loss=0.5279)
  native_GCN_focal_loss_s43__PGExplainer: primary=0.329 full=nan edges=0.329 jac=0.550 (n=16, tp=6) 83.6s
/home/juan/Escritorio/gnn_thesis/gnns_thesis/scripts/explain_matrix.py:237: FutureWarning: The behavior of DataFrame concatenation with empty or all-NA entries is deprecated. In a future version, this will no longer exclude empty or all-NA columns when determining the result dtypes. To retain the old behavior, exclude the relevant entries before the concat operation.
  new = pd.concat([old, new], ignore_index=True) if len(old) else new
  native_GCN_focal_loss_s43__ShapleyFeatures: primary=0.997 full=0.997 edges=nan jac=nan (n=27, tp=6) 23.8s
/home/juan/Escritorio/gnn_thesis/gnns_thesis/scripts/explain_matrix.py:237: FutureWarning: The behavior of DataFrame concatenation with empty or all-NA entries is deprecated. In a future version, this will no longer exclude empty or all-NA columns when determining the result dtypes. To retain the old behavior, exclude the relevant entries before the concat operation.
  new = pd.concat([old, new], ignore_index=True) if len(old) else new
  native_GCN_none_s43__GNNExplainer: primary=0.909 full=0.909 edges=0.019 jac=0.508 (n=30, tp=4) 32.2s
  PGExplainer training complete (loss=0.4586)
  PGExplainer training complete (loss=0.4185)
  PGExplainer training complete (loss=0.1408)
  PGExplainer training complete (loss=0.1242)
  PGExplainer training complete (loss=0.3550)
  native_GCN_none_s43__PGExplainer: primary=0.533 full=nan edges=0.533 jac=0.600 (n=16, tp=4) 76.2s
/home/juan/Escritorio/gnn_thesis/gnns_thesis/scripts/explain_matrix.py:237: FutureWarning: The behavior of DataFrame concatenation with empty or all-NA entries is deprecated. In a future version, this will no longer exclude empty or all-NA columns when determining the result dtypes. To retain the old behavior, exclude the relevant entries before the concat operation.
  new = pd.concat([old, new], ignore_index=True) if len(old) else new
  native_GCN_none_s43__ShapleyFeatures: primary=0.997 full=0.997 edges=nan jac=nan (n=27, tp=4) 22.4s

Done: 9 ok, 0 failed, 7.1 min. CSV: results_v4/elliptic_v4_stability.csv
/home/juan/Escritorio/gnn_thesis/gnns_thesis/scripts/explain_matrix.py:237: FutureWarning: The behavior of DataFrame concatenation with empty or all-NA entries is deprecated. In a future version, this will no longer exclude empty or all-NA columns when determining the result dtypes. To retain the old behavior, exclude the relevant entries before the concat operation.
  new = pd.concat([old, new], ignore_index=True) if len(old) else new
Device: cuda | torch threads: 2
Label mode: licit_unknown
Preprocessing Elliptic dataset...
Creating time-based splits:
  Train: 136,265 nodes (3,462 illicit, 132,803 licit, ratio 1:38.4)
  Val  : 37,820 nodes (914 illicit, 36,906 licit, ratio 1:40.4)
  Test : 29,684 nodes (169 illicit, 29,515 licit, ratio 1:174.6)
  Split counts validated against the official Elliptic release.
Normalizing features (fit on every node of the train timesteps):
  Features normalized (RobustScaler + clip[-10,10]): mean~0.7023, std~2.3916, clipped=4.69% of values
Preprocessing complete.
Common node set: 30 illicit val nodes (seed 1234, pool 914) -> results_v4/explain_nodes_v4.json
3 checkpoints | 9 units to explain (0 already complete) | 0 checkpoints gated out
  1:10_GCN_class_weighting_s43__GNNExplainer: primary=0.948 full=0.948 edges=0.181 jac=0.596 (n=30, tp=18) 29.1s
  PGExplainer training complete (loss=0.3265)
  PGExplainer training complete (loss=0.4452)
  PGExplainer training complete (loss=0.2990)
  PGExplainer training complete (loss=0.3158)
  PGExplainer training complete (loss=0.3388)
  1:10_GCN_class_weighting_s43__PGExplainer: primary=-0.017 full=nan edges=-0.017 jac=0.487 (n=16, tp=18) 77.2s
/home/juan/Escritorio/gnn_thesis/gnns_thesis/scripts/explain_matrix.py:237: FutureWarning: The behavior of DataFrame concatenation with empty or all-NA entries is deprecated. In a future version, this will no longer exclude empty or all-NA columns when determining the result dtypes. To retain the old behavior, exclude the relevant entries before the concat operation.
  new = pd.concat([old, new], ignore_index=True) if len(old) else new
  1:10_GCN_class_weighting_s43__ShapleyFeatures: primary=0.997 full=0.997 edges=nan jac=nan (n=27, tp=18) 22.7s
/home/juan/Escritorio/gnn_thesis/gnns_thesis/scripts/explain_matrix.py:237: FutureWarning: The behavior of DataFrame concatenation with empty or all-NA entries is deprecated. In a future version, this will no longer exclude empty or all-NA columns when determining the result dtypes. To retain the old behavior, exclude the relevant entries before the concat operation.
  new = pd.concat([old, new], ignore_index=True) if len(old) else new
  1:10_GCN_focal_loss_s43__GNNExplainer: primary=0.912 full=0.912 edges=0.194 jac=0.596 (n=30, tp=9) 29.6s
  PGExplainer training complete (loss=0.6382)
  PGExplainer training complete (loss=0.6160)
  PGExplainer training complete (loss=0.3930)
  PGExplainer training complete (loss=0.5988)
  PGExplainer training complete (loss=0.6124)
  1:10_GCN_focal_loss_s43__PGExplainer: primary=0.350 full=nan edges=0.350 jac=0.683 (n=16, tp=9) 77.9s
/home/juan/Escritorio/gnn_thesis/gnns_thesis/scripts/explain_matrix.py:237: FutureWarning: The behavior of DataFrame concatenation with empty or all-NA entries is deprecated. In a future version, this will no longer exclude empty or all-NA columns when determining the result dtypes. To retain the old behavior, exclude the relevant entries before the concat operation.
  new = pd.concat([old, new], ignore_index=True) if len(old) else new
  1:10_GCN_focal_loss_s43__ShapleyFeatures: primary=0.997 full=0.997 edges=nan jac=nan (n=27, tp=9) 22.7s
/home/juan/Escritorio/gnn_thesis/gnns_thesis/scripts/explain_matrix.py:237: FutureWarning: The behavior of DataFrame concatenation with empty or all-NA entries is deprecated. In a future version, this will no longer exclude empty or all-NA columns when determining the result dtypes. To retain the old behavior, exclude the relevant entries before the concat operation.
  new = pd.concat([old, new], ignore_index=True) if len(old) else new
  1:10_GCN_none_s43__GNNExplainer: primary=0.919 full=0.919 edges=0.062 jac=0.533 (n=30, tp=7) 29.1s
  PGExplainer training complete (loss=0.5962)
  PGExplainer training complete (loss=0.5240)
  PGExplainer training complete (loss=0.1956)
  PGExplainer training complete (loss=0.2158)
  PGExplainer training complete (loss=0.5143)
  1:10_GCN_none_s43__PGExplainer: primary=0.329 full=nan edges=0.329 jac=0.533 (n=16, tp=7) 77.3s
/home/juan/Escritorio/gnn_thesis/gnns_thesis/scripts/explain_matrix.py:237: FutureWarning: The behavior of DataFrame concatenation with empty or all-NA entries is deprecated. In a future version, this will no longer exclude empty or all-NA columns when determining the result dtypes. To retain the old behavior, exclude the relevant entries before the concat operation.
  new = pd.concat([old, new], ignore_index=True) if len(old) else new
  1:10_GCN_none_s43__ShapleyFeatures: primary=0.997 full=0.997 edges=nan jac=nan (n=27, tp=7) 22.8s

Done: 9 ok, 0 failed, 6.5 min. CSV: results_v4/elliptic_v4_stability.csv
/home/juan/Escritorio/gnn_thesis/gnns_thesis/scripts/explain_matrix.py:237: FutureWarning: The behavior of DataFrame concatenation with empty or all-NA entries is deprecated. In a future version, this will no longer exclude empty or all-NA columns when determining the result dtypes. To retain the old behavior, exclude the relevant entries before the concat operation.
  new = pd.concat([old, new], ignore_index=True) if len(old) else new
Device: cuda | torch threads: 2
Label mode: licit_unknown
Preprocessing Elliptic dataset...
Creating time-based splits:
  Train: 136,265 nodes (3,462 illicit, 132,803 licit, ratio 1:38.4)
  Val  : 37,820 nodes (914 illicit, 36,906 licit, ratio 1:40.4)
  Test : 29,684 nodes (169 illicit, 29,515 licit, ratio 1:174.6)
  Split counts validated against the official Elliptic release.
Normalizing features (fit on every node of the train timesteps):
  Features normalized (RobustScaler + clip[-10,10]): mean~0.7023, std~2.3916, clipped=4.69% of values
Preprocessing complete.
Common node set: 30 illicit val nodes (seed 1234, pool 914) -> results_v4/explain_nodes_v4.json
3 checkpoints | 9 units to explain (0 already complete) | 0 checkpoints gated out
  1:1_GCN_class_weighting_s43__GNNExplainer: primary=0.948 full=0.948 edges=0.262 jac=0.633 (n=30, tp=21) 28.9s
  PGExplainer training complete (loss=0.3259)
  PGExplainer training complete (loss=0.4550)
  PGExplainer training complete (loss=0.3081)
  PGExplainer training complete (loss=0.3059)
  PGExplainer training complete (loss=0.3270)
  1:1_GCN_class_weighting_s43__PGExplainer: primary=0.379 full=nan edges=0.379 jac=0.525 (n=16, tp=21) 83.4s
/home/juan/Escritorio/gnn_thesis/gnns_thesis/scripts/explain_matrix.py:237: FutureWarning: The behavior of DataFrame concatenation with empty or all-NA entries is deprecated. In a future version, this will no longer exclude empty or all-NA columns when determining the result dtypes. To retain the old behavior, exclude the relevant entries before the concat operation.
  new = pd.concat([old, new], ignore_index=True) if len(old) else new
  1:1_GCN_class_weighting_s43__ShapleyFeatures: primary=0.997 full=0.997 edges=nan jac=nan (n=27, tp=21) 25.1s
/home/juan/Escritorio/gnn_thesis/gnns_thesis/scripts/explain_matrix.py:237: FutureWarning: The behavior of DataFrame concatenation with empty or all-NA entries is deprecated. In a future version, this will no longer exclude empty or all-NA columns when determining the result dtypes. To retain the old behavior, exclude the relevant entries before the concat operation.
  new = pd.concat([old, new], ignore_index=True) if len(old) else new
  1:1_GCN_focal_loss_s43__GNNExplainer: primary=0.925 full=0.925 edges=0.112 jac=0.558 (n=30, tp=22) 34.9s
  PGExplainer training complete (loss=0.6108)
  PGExplainer training complete (loss=0.5482)
  PGExplainer training complete (loss=0.1674)
  PGExplainer training complete (loss=0.3421)
  PGExplainer training complete (loss=0.5453)
  1:1_GCN_focal_loss_s43__PGExplainer: primary=0.146 full=nan edges=0.146 jac=0.583 (n=16, tp=22) 91.5s
/home/juan/Escritorio/gnn_thesis/gnns_thesis/scripts/explain_matrix.py:237: FutureWarning: The behavior of DataFrame concatenation with empty or all-NA entries is deprecated. In a future version, this will no longer exclude empty or all-NA columns when determining the result dtypes. To retain the old behavior, exclude the relevant entries before the concat operation.
  new = pd.concat([old, new], ignore_index=True) if len(old) else new
  1:1_GCN_focal_loss_s43__ShapleyFeatures: primary=0.996 full=0.996 edges=nan jac=nan (n=27, tp=22) 25.2s
/home/juan/Escritorio/gnn_thesis/gnns_thesis/scripts/explain_matrix.py:237: FutureWarning: The behavior of DataFrame concatenation with empty or all-NA entries is deprecated. In a future version, this will no longer exclude empty or all-NA columns when determining the result dtypes. To retain the old behavior, exclude the relevant entries before the concat operation.
  new = pd.concat([old, new], ignore_index=True) if len(old) else new
  1:1_GCN_none_s43__GNNExplainer: primary=0.948 full=0.948 edges=0.237 jac=0.621 (n=30, tp=21) 34.6s
  PGExplainer training complete (loss=0.3272)
  PGExplainer training complete (loss=0.4551)
  PGExplainer training complete (loss=0.3090)
  PGExplainer training complete (loss=0.3093)
  PGExplainer training complete (loss=0.3280)
  1:1_GCN_none_s43__PGExplainer: primary=0.254 full=nan edges=0.254 jac=0.508 (n=16, tp=21) 92.1s
/home/juan/Escritorio/gnn_thesis/gnns_thesis/scripts/explain_matrix.py:237: FutureWarning: The behavior of DataFrame concatenation with empty or all-NA entries is deprecated. In a future version, this will no longer exclude empty or all-NA columns when determining the result dtypes. To retain the old behavior, exclude the relevant entries before the concat operation.
  new = pd.concat([old, new], ignore_index=True) if len(old) else new
  1:1_GCN_none_s43__ShapleyFeatures: primary=0.997 full=0.997 edges=nan jac=nan (n=27, tp=21) 25.0s

Done: 9 ok, 0 failed, 7.4 min. CSV: results_v4/elliptic_v4_stability.csv
/home/juan/Escritorio/gnn_thesis/gnns_thesis/scripts/explain_matrix.py:237: FutureWarning: The behavior of DataFrame concatenation with empty or all-NA entries is deprecated. In a future version, this will no longer exclude empty or all-NA columns when determining the result dtypes. To retain the old behavior, exclude the relevant entries before the concat operation.
  new = pd.concat([old, new], ignore_index=True) if len(old) else new
Device: cuda | torch threads: 2
Label mode: licit_unknown
Preprocessing Elliptic dataset...
Creating time-based splits:
  Train: 136,265 nodes (3,462 illicit, 132,803 licit, ratio 1:38.4)
  Val  : 37,820 nodes (914 illicit, 36,906 licit, ratio 1:40.4)
  Test : 29,684 nodes (169 illicit, 29,515 licit, ratio 1:174.6)
  Split counts validated against the official Elliptic release.
Normalizing features (fit on every node of the train timesteps):
  Features normalized (RobustScaler + clip[-10,10]): mean~0.7023, std~2.3916, clipped=4.69% of values
Preprocessing complete.
Common node set: 30 illicit val nodes (seed 1234, pool 914) -> results_v4/explain_nodes_v4.json
3 checkpoints | 9 units to explain (0 already complete) | 0 checkpoints gated out
  1:10_os_GCN_class_weighting_s43__GNNExplainer: primary=0.946 full=0.946 edges=0.159 jac=0.583 (n=30, tp=15) 34.9s
  PGExplainer training complete (loss=0.3554)
  PGExplainer training complete (loss=0.4481)
  PGExplainer training complete (loss=0.3187)
  PGExplainer training complete (loss=0.3138)
  PGExplainer training complete (loss=0.3439)
  1:10_os_GCN_class_weighting_s43__PGExplainer: primary=-0.029 full=nan edges=-0.029 jac=0.488 (n=16, tp=15) 90.8s
/home/juan/Escritorio/gnn_thesis/gnns_thesis/scripts/explain_matrix.py:237: FutureWarning: The behavior of DataFrame concatenation with empty or all-NA entries is deprecated. In a future version, this will no longer exclude empty or all-NA columns when determining the result dtypes. To retain the old behavior, exclude the relevant entries before the concat operation.
  new = pd.concat([old, new], ignore_index=True) if len(old) else new
  1:10_os_GCN_class_weighting_s43__ShapleyFeatures: primary=0.997 full=0.997 edges=nan jac=nan (n=27, tp=15) 25.0s
/home/juan/Escritorio/gnn_thesis/gnns_thesis/scripts/explain_matrix.py:237: FutureWarning: The behavior of DataFrame concatenation with empty or all-NA entries is deprecated. In a future version, this will no longer exclude empty or all-NA columns when determining the result dtypes. To retain the old behavior, exclude the relevant entries before the concat operation.
  new = pd.concat([old, new], ignore_index=True) if len(old) else new
  1:10_os_GCN_focal_loss_s43__GNNExplainer: primary=0.927 full=0.927 edges=0.119 jac=0.558 (n=30, tp=2) 35.5s
  PGExplainer training complete (loss=0.6431)
  PGExplainer training complete (loss=0.5627)
  PGExplainer training complete (loss=0.3363)
  PGExplainer training complete (loss=0.3336)
  PGExplainer training complete (loss=0.5503)
  1:10_os_GCN_focal_loss_s43__PGExplainer: primary=0.165 full=nan edges=0.165 jac=0.512 (n=16, tp=2) 91.5s
/home/juan/Escritorio/gnn_thesis/gnns_thesis/scripts/explain_matrix.py:237: FutureWarning: The behavior of DataFrame concatenation with empty or all-NA entries is deprecated. In a future version, this will no longer exclude empty or all-NA columns when determining the result dtypes. To retain the old behavior, exclude the relevant entries before the concat operation.
  new = pd.concat([old, new], ignore_index=True) if len(old) else new
  1:10_os_GCN_focal_loss_s43__ShapleyFeatures: primary=0.996 full=0.996 edges=nan jac=nan (n=27, tp=2) 24.9s
/home/juan/Escritorio/gnn_thesis/gnns_thesis/scripts/explain_matrix.py:237: FutureWarning: The behavior of DataFrame concatenation with empty or all-NA entries is deprecated. In a future version, this will no longer exclude empty or all-NA columns when determining the result dtypes. To retain the old behavior, exclude the relevant entries before the concat operation.
  new = pd.concat([old, new], ignore_index=True) if len(old) else new
  1:10_os_GCN_none_s43__GNNExplainer: primary=0.917 full=0.917 edges=0.087 jac=0.546 (n=30, tp=5) 33.2s
  PGExplainer training complete (loss=0.5854)
  PGExplainer training complete (loss=0.5262)
  PGExplainer training complete (loss=0.1973)
  PGExplainer training complete (loss=0.2153)
  PGExplainer training complete (loss=0.5091)
  1:10_os_GCN_none_s43__PGExplainer: primary=0.292 full=nan edges=0.292 jac=0.521 (n=16, tp=5) 88.6s
/home/juan/Escritorio/gnn_thesis/gnns_thesis/scripts/explain_matrix.py:237: FutureWarning: The behavior of DataFrame concatenation with empty or all-NA entries is deprecated. In a future version, this will no longer exclude empty or all-NA columns when determining the result dtypes. To retain the old behavior, exclude the relevant entries before the concat operation.
  new = pd.concat([old, new], ignore_index=True) if len(old) else new
  1:10_os_GCN_none_s43__ShapleyFeatures: primary=0.997 full=0.997 edges=nan jac=nan (n=27, tp=5) 24.4s

Done: 9 ok, 0 failed, 7.6 min. CSV: results_v4/elliptic_v4_stability.csv
