/home/juan/Escritorio/gnn_thesis/gnns_thesis/scripts/explain_matrix.py:237: FutureWarning: The behavior of DataFrame concatenation with empty or all-NA entries is deprecated. In a future version, this will no longer exclude empty or all-NA columns when determining the result dtypes. To retain the old behavior, exclude the relevant entries before the concat operation.
  new = pd.concat([old, new], ignore_index=True) if len(old) else new
Device: cuda | torch threads: 2
Label mode: licit_unknown
Preprocessing Elliptic dataset...
Creating time-based splits:
  Train: 136,265 nodes (3,462 illicit, 132,803 licit, ratio 1:38.4)
  Val  : 37,820 nodes (914 illicit, 36,906 licit, ratio 1:40.4)
  Test : 29,684 nodes (169 illicit, 29,515 licit, ratio 1:174.6)
  Split counts validated against the official Elliptic release.
Normalizing features (fit on every node of the train timesteps):
  Features normalized (RobustScaler + clip[-10,10]): mean~0.7023, std~2.3916, clipped=4.69% of values
Preprocessing complete.
Common node set: 30 illicit val nodes (seed 1234, pool 914) -> results_v4/explain_nodes_v4.json
3 checkpoints | 9 units to explain (6 already complete) | 0 checkpoints gated out
  native_TAGCN_none__GNNExplainer: primary=0.902 full=0.902 edges=0.019 jac=0.565 (n=30, tp=0) 46.6s
  PGExplainer training complete (loss=0.2056)
  PGExplainer training complete (loss=0.1706)
  PGExplainer training complete (loss=0.2255)
  PGExplainer training complete (loss=0.1983)
  PGExplainer training complete (loss=0.1436)
  native_TAGCN_none__PGExplainer: primary=0.582 full=nan edges=0.582 jac=0.742 (n=16, tp=0) 121.2s
/home/juan/Escritorio/gnn_thesis/gnns_thesis/scripts/explain_matrix.py:237: FutureWarning: The behavior of DataFrame concatenation with empty or all-NA entries is deprecated. In a future version, this will no longer exclude empty or all-NA columns when determining the result dtypes. To retain the old behavior, exclude the relevant entries before the concat operation.
  new = pd.concat([old, new], ignore_index=True) if len(old) else new
  native_TAGCN_none__ShapleyFeatures: primary=0.996 full=0.996 edges=nan jac=nan (n=27, tp=0) 27.4s

Done: 3 ok, 0 failed, 3.3 min. CSV: results_v4/elliptic_v4_stability.csv
Device: cuda | torch threads: 2
Label mode: licit_unknown
Preprocessing Elliptic dataset...
Creating time-based splits:
  Train: 136,265 nodes (3,462 illicit, 132,803 licit, ratio 1:38.4)
  Val  : 37,820 nodes (914 illicit, 36,906 licit, ratio 1:40.4)
  Test : 29,684 nodes (169 illicit, 29,515 licit, ratio 1:174.6)
  Split counts validated against the official Elliptic release.
Normalizing features (fit on every node of the train timesteps):
  Features normalized (RobustScaler + clip[-10,10]): mean~0.7023, std~2.3916, clipped=4.69% of values
Preprocessing complete.
Common node set: 30 illicit val nodes (seed 1234, pool 914) -> results_v4/explain_nodes_v4.json
3 checkpoints | 9 units to explain (9 already complete) | 0 checkpoints gated out

Done: 0 ok, 0 failed, 0.0 min. CSV: results_v4/elliptic_v4_stability.csv
/home/juan/Escritorio/gnn_thesis/gnns_thesis/scripts/explain_matrix.py:237: FutureWarning: The behavior of DataFrame concatenation with empty or all-NA entries is deprecated. In a future version, this will no longer exclude empty or all-NA columns when determining the result dtypes. To retain the old behavior, exclude the relevant entries before the concat operation.
  new = pd.concat([old, new], ignore_index=True) if len(old) else new
Device: cuda | torch threads: 2
Label mode: licit_unknown
Preprocessing Elliptic dataset...
Creating time-based splits:
  Train: 136,265 nodes (3,462 illicit, 132,803 licit, ratio 1:38.4)
  Val  : 37,820 nodes (914 illicit, 36,906 licit, ratio 1:40.4)
  Test : 29,684 nodes (169 illicit, 29,515 licit, ratio 1:174.6)
  Split counts validated against the official Elliptic release.
Normalizing features (fit on every node of the train timesteps):
  Features normalized (RobustScaler + clip[-10,10]): mean~0.7023, std~2.3916, clipped=4.69% of values
Preprocessing complete.
Common node set: 30 illicit val nodes (seed 1234, pool 914) -> results_v4/explain_nodes_v4.json
3 checkpoints | 9 units to explain (0 already complete) | 0 checkpoints gated out
  1:1_TAGCN_class_weighting__GNNExplainer: primary=0.948 full=0.948 edges=0.100 jac=0.569 (n=30, tp=28) 46.0s
  PGExplainer training complete (loss=0.0797)
  PGExplainer training complete (loss=0.2221)
  PGExplainer training complete (loss=0.1524)
  PGExplainer training complete (loss=0.1098)
  PGExplainer training complete (loss=0.1555)
  1:1_TAGCN_class_weighting__PGExplainer: primary=0.423 full=nan edges=0.423 jac=0.633 (n=16, tp=28) 121.9s
/home/juan/Escritorio/gnn_thesis/gnns_thesis/scripts/explain_matrix.py:237: FutureWarning: The behavior of DataFrame concatenation with empty or all-NA entries is deprecated. In a future version, this will no longer exclude empty or all-NA columns when determining the result dtypes. To retain the old behavior, exclude the relevant entries before the concat operation.
  new = pd.concat([old, new], ignore_index=True) if len(old) else new
  1:1_TAGCN_class_weighting__ShapleyFeatures: primary=0.992 full=0.992 edges=nan jac=nan (n=27, tp=28) 27.5s
/home/juan/Escritorio/gnn_thesis/gnns_thesis/scripts/explain_matrix.py:237: FutureWarning: The behavior of DataFrame concatenation with empty or all-NA entries is deprecated. In a future version, this will no longer exclude empty or all-NA columns when determining the result dtypes. To retain the old behavior, exclude the relevant entries before the concat operation.
  new = pd.concat([old, new], ignore_index=True) if len(old) else new
  1:1_TAGCN_focal_loss__GNNExplainer: primary=0.882 full=0.882 edges=0.061 jac=0.577 (n=30, tp=27) 54.1s
  PGExplainer training complete (loss=0.5476)
  PGExplainer training complete (loss=0.6650)
  PGExplainer training complete (loss=0.4803)
  PGExplainer training complete (loss=0.6401)
  PGExplainer training complete (loss=0.5934)
  1:1_TAGCN_focal_loss__PGExplainer: primary=-0.121 full=nan edges=-0.121 jac=0.487 (n=16, tp=27) 140.5s
/home/juan/Escritorio/gnn_thesis/gnns_thesis/scripts/explain_matrix.py:237: FutureWarning: The behavior of DataFrame concatenation with empty or all-NA entries is deprecated. In a future version, this will no longer exclude empty or all-NA columns when determining the result dtypes. To retain the old behavior, exclude the relevant entries before the concat operation.
  new = pd.concat([old, new], ignore_index=True) if len(old) else new
  1:1_TAGCN_focal_loss__ShapleyFeatures: primary=0.993 full=0.993 edges=nan jac=nan (n=27, tp=27) 29.6s
/home/juan/Escritorio/gnn_thesis/gnns_thesis/scripts/explain_matrix.py:237: FutureWarning: The behavior of DataFrame concatenation with empty or all-NA entries is deprecated. In a future version, this will no longer exclude empty or all-NA columns when determining the result dtypes. To retain the old behavior, exclude the relevant entries before the concat operation.
  new = pd.concat([old, new], ignore_index=True) if len(old) else new
  1:1_TAGCN_none__GNNExplainer: primary=0.944 full=0.944 edges=0.050 jac=0.552 (n=30, tp=27) 45.9s
  PGExplainer training complete (loss=0.0702)
  PGExplainer training complete (loss=0.2028)
  PGExplainer training complete (loss=0.1060)
  PGExplainer training complete (loss=0.0917)
  PGExplainer training complete (loss=0.1039)
  1:1_TAGCN_none__PGExplainer: primary=0.180 full=nan edges=0.180 jac=0.575 (n=16, tp=27) 122.2s
/home/juan/Escritorio/gnn_thesis/gnns_thesis/scripts/explain_matrix.py:237: FutureWarning: The behavior of DataFrame concatenation with empty or all-NA entries is deprecated. In a future version, this will no longer exclude empty or all-NA columns when determining the result dtypes. To retain the old behavior, exclude the relevant entries before the concat operation.
  new = pd.concat([old, new], ignore_index=True) if len(old) else new
  1:1_TAGCN_none__ShapleyFeatures: primary=0.989 full=0.989 edges=nan jac=nan (n=27, tp=27) 27.4s

Done: 9 ok, 0 failed, 10.4 min. CSV: results_v4/elliptic_v4_stability.csv
Device: cuda | torch threads: 2
Label mode: licit_unknown
Preprocessing Elliptic dataset...
Creating time-based splits:
  Train: 136,265 nodes (3,462 illicit, 132,803 licit, ratio 1:38.4)
  Val  : 37,820 nodes (914 illicit, 36,906 licit, ratio 1:40.4)
  Test : 29,684 nodes (169 illicit, 29,515 licit, ratio 1:174.6)
  Split counts validated against the official Elliptic release.
Normalizing features (fit on every node of the train timesteps):
  Features normalized (RobustScaler + clip[-10,10]): mean~0.7023, std~2.3916, clipped=4.69% of values
Preprocessing complete.
Common node set: 30 illicit val nodes (seed 1234, pool 914) -> results_v4/explain_nodes_v4.json
3 checkpoints | 9 units to explain (9 already complete) | 0 checkpoints gated out

Done: 0 ok, 0 failed, 0.0 min. CSV: results_v4/elliptic_v4_stability.csv
