[2026-10-02 17:33:11] inicio sensibilidad · escenarios=native 1:10 1:1 1:10_os
[2026-10-02 17:39:59] GCN native s42 rc=0
[2026-10-02 17:46:47] GCN 1:10 s42 rc=0
[2026-10-02 17:53:32] GCN 1:1 s42 rc=0
[2026-10-02 18:01:01] GCN 1:10_os s42 rc=0
[2026-10-02 18:08:09] GCN native s43 rc=0
[2026-10-02 18:14:44] GCN 1:10 s43 rc=0
[2026-10-02 18:22:12] GCN 1:1 s43 rc=0
[2026-10-02 18:29:48] GCN 1:10_os s43 rc=0
[2026-10-02 18:36:59] GCN native s44 rc=0
[2026-10-02 18:43:47] GCN 1:10 s44 rc=0
[2026-10-02 18:50:34] GCN 1:1 s44 rc=0
[2026-10-02 18:57:24] GCN 1:10_os s44 rc=0
[2026-10-02 19:00:12] GAT native s42 rc=0
[2026-10-02 19:05:44] GAT 1:10 s42 rc=0
[2026-10-02 19:13:56] GAT 1:1 s42 rc=0
[2026-10-02 19:16:44] GAT 1:10_os s42 rc=0
[2026-10-02 19:19:32] GAT native s43 rc=0
[2026-10-02 19:25:08] GAT 1:10 s43 rc=0
[2026-10-02 19:33:23] GAT 1:1 s43 rc=0
[2026-10-02 19:36:12] GAT 1:10_os s43 rc=0
[2026-10-02 19:41:45] GAT native s44 rc=0
[2026-10-02 19:47:21] GAT 1:10 s44 rc=0
[2026-10-02 19:55:36] GAT 1:1 s44 rc=0
[2026-10-02 20:01:12] GAT 1:10_os s44 rc=0
[2026-10-02 20:04:33] TAGCN native s42 rc=0
[2026-10-02 20:04:38] TAGCN 1:10 s42 rc=0
[2026-10-02 20:15:04] TAGCN 1:1 s42 rc=0
[2026-10-02 20:15:09] TAGCN 1:10_os s42 rc=0
[2026-10-02 20:21:45] TAGCN native s43 rc=0
[2026-10-02 20:21:50] TAGCN 1:10 s43 rc=0
[2026-10-02 20:32:12] TAGCN 1:1 s43 rc=0
[2026-10-02 20:32:16] TAGCN 1:10_os s43 rc=0
[2026-10-02 20:38:56] TAGCN native s44 rc=0
[2026-10-02 20:42:17] TAGCN 1:10 s44 rc=0
[2026-10-02 20:52:49] TAGCN 1:1 s44 rc=0
[2026-10-02 20:56:12] TAGCN 1:10_os s44 rc=0
[2026-10-02 20:58:09] GraphSAGE native s42 rc=0
[2026-10-02 20:58:13] GraphSAGE 1:10 s42 rc=0
[2026-10-02 21:03:54] GraphSAGE 1:1 s42 rc=0
[2026-10-02 21:03:58] GraphSAGE 1:10_os s42 rc=0
[2026-10-02 21:05:55] GraphSAGE native s43 rc=0
[2026-10-02 21:06:00] GraphSAGE 1:10 s43 rc=0
[2026-10-02 21:11:40] GraphSAGE 1:1 s43 rc=0
[2026-10-02 21:11:44] GraphSAGE 1:10_os s43 rc=0
[2026-10-02 21:13:41] GraphSAGE native s44 rc=0
[2026-10-02 21:13:46] GraphSAGE 1:10 s44 rc=0
[2026-10-02 21:19:26] GraphSAGE 1:1 s44 rc=0
[2026-10-02 21:19:31] GraphSAGE 1:10_os s44 rc=0
[2026-10-02 21:19:31] SENSIBILIDAD TERMINADA
