/home/juan/Escritorio/gnn_thesis/gnns_thesis/scripts/explain_matrix.py:237: FutureWarning: The behavior of DataFrame concatenation with empty or all-NA entries is deprecated. In a future version, this will no longer exclude empty or all-NA columns when determining the result dtypes. To retain the old behavior, exclude the relevant entries before the concat operation.
  new = pd.concat([old, new], ignore_index=True) if len(old) else new
Device: cuda | torch threads: 2
Label mode: licit_unknown
Preprocessing Elliptic dataset...
Creating time-based splits:
  Train: 136,265 nodes (3,462 illicit, 132,803 licit, ratio 1:38.4)
  Val  : 37,820 nodes (914 illicit, 36,906 licit, ratio 1:40.4)
  Test : 29,684 nodes (169 illicit, 29,515 licit, ratio 1:174.6)
  Split counts validated against the official Elliptic release.
Normalizing features (fit on every node of the train timesteps):
  Features normalized (RobustScaler + clip[-10,10]): mean~0.7023, std~2.3916, clipped=4.69% of values
Preprocessing complete.
Common node set: 30 illicit val nodes (seed 1234, pool 914) -> results_v4/explain_nodes_v4.json
3 checkpoints | 9 units to explain (6 already complete) | 0 checkpoints gated out
  native_GraphSAGE_none_s44__GNNExplainer: primary=0.914 full=0.914 edges=0.144 jac=0.571 (n=30, tp=6) 24.7s
  PGExplainer training complete (loss=0.2728)
  PGExplainer training complete (loss=0.2470)
  PGExplainer training complete (loss=0.2060)
  PGExplainer training complete (loss=0.2395)
  PGExplainer training complete (loss=0.2341)
  native_GraphSAGE_none_s44__PGExplainer: primary=0.412 full=nan edges=0.412 jac=0.625 (n=16, tp=6) 65.2s
/home/juan/Escritorio/gnn_thesis/gnns_thesis/scripts/explain_matrix.py:237: FutureWarning: The behavior of DataFrame concatenation with empty or all-NA entries is deprecated. In a future version, this will no longer exclude empty or all-NA columns when determining the result dtypes. To retain the old behavior, exclude the relevant entries before the concat operation.
  new = pd.concat([old, new], ignore_index=True) if len(old) else new
  native_GraphSAGE_none_s44__ShapleyFeatures: primary=0.998 full=0.998 edges=nan jac=nan (n=27, tp=6) 21.9s

Done: 3 ok, 0 failed, 1.9 min. CSV: results_v4/elliptic_v4_stability.csv
Device: cuda | torch threads: 2
Label mode: licit_unknown
Preprocessing Elliptic dataset...
Creating time-based splits:
  Train: 136,265 nodes (3,462 illicit, 132,803 licit, ratio 1:38.4)
  Val  : 37,820 nodes (914 illicit, 36,906 licit, ratio 1:40.4)
  Test : 29,684 nodes (169 illicit, 29,515 licit, ratio 1:174.6)
  Split counts validated against the official Elliptic release.
Normalizing features (fit on every node of the train timesteps):
  Features normalized (RobustScaler + clip[-10,10]): mean~0.7023, std~2.3916, clipped=4.69% of values
Preprocessing complete.
Common node set: 30 illicit val nodes (seed 1234, pool 914) -> results_v4/explain_nodes_v4.json
3 checkpoints | 9 units to explain (9 already complete) | 0 checkpoints gated out

Done: 0 ok, 0 failed, 0.0 min. CSV: results_v4/elliptic_v4_stability.csv
/home/juan/Escritorio/gnn_thesis/gnns_thesis/scripts/explain_matrix.py:237: FutureWarning: The behavior of DataFrame concatenation with empty or all-NA entries is deprecated. In a future version, this will no longer exclude empty or all-NA columns when determining the result dtypes. To retain the old behavior, exclude the relevant entries before the concat operation.
  new = pd.concat([old, new], ignore_index=True) if len(old) else new
Device: cuda | torch threads: 2
Label mode: licit_unknown
Preprocessing Elliptic dataset...
Creating time-based splits:
  Train: 136,265 nodes (3,462 illicit, 132,803 licit, ratio 1:38.4)
  Val  : 37,820 nodes (914 illicit, 36,906 licit, ratio 1:40.4)
  Test : 29,684 nodes (169 illicit, 29,515 licit, ratio 1:174.6)
  Split counts validated against the official Elliptic release.
Normalizing features (fit on every node of the train timesteps):
  Features normalized (RobustScaler + clip[-10,10]): mean~0.7023, std~2.3916, clipped=4.69% of values
Preprocessing complete.
Common node set: 30 illicit val nodes (seed 1234, pool 914) -> results_v4/explain_nodes_v4.json
3 checkpoints | 9 units to explain (0 already complete) | 0 checkpoints gated out
  1:1_GraphSAGE_class_weighting_s44__GNNExplainer: primary=0.956 full=0.956 edges=0.197 jac=0.596 (n=30, tp=28) 24.9s
  PGExplainer training complete (loss=0.1244)
  PGExplainer training complete (loss=0.3157)
  PGExplainer training complete (loss=0.2466)
  PGExplainer training complete (loss=0.2228)
  PGExplainer training complete (loss=0.3920)
  1:1_GraphSAGE_class_weighting_s44__PGExplainer: primary=0.072 full=nan edges=0.072 jac=0.517 (n=16, tp=28) 64.6s
/home/juan/Escritorio/gnn_thesis/gnns_thesis/scripts/explain_matrix.py:237: FutureWarning: The behavior of DataFrame concatenation with empty or all-NA entries is deprecated. In a future version, this will no longer exclude empty or all-NA columns when determining the result dtypes. To retain the old behavior, exclude the relevant entries before the concat operation.
  new = pd.concat([old, new], ignore_index=True) if len(old) else new
  1:1_GraphSAGE_class_weighting_s44__ShapleyFeatures: primary=0.995 full=0.995 edges=nan jac=nan (n=27, tp=28) 21.8s
/home/juan/Escritorio/gnn_thesis/gnns_thesis/scripts/explain_matrix.py:237: FutureWarning: The behavior of DataFrame concatenation with empty or all-NA entries is deprecated. In a future version, this will no longer exclude empty or all-NA columns when determining the result dtypes. To retain the old behavior, exclude the relevant entries before the concat operation.
  new = pd.concat([old, new], ignore_index=True) if len(old) else new
  1:1_GraphSAGE_focal_loss_s44__GNNExplainer: primary=0.915 full=0.915 edges=0.169 jac=0.583 (n=30, tp=26) 24.7s
  PGExplainer training complete (loss=0.3790)
  PGExplainer training complete (loss=0.4656)
  PGExplainer training complete (loss=0.3691)
  PGExplainer training complete (loss=0.4435)
  PGExplainer training complete (loss=0.5363)
  1:1_GraphSAGE_focal_loss_s44__PGExplainer: primary=-0.165 full=nan edges=-0.165 jac=0.479 (n=16, tp=26) 63.9s
/home/juan/Escritorio/gnn_thesis/gnns_thesis/scripts/explain_matrix.py:237: FutureWarning: The behavior of DataFrame concatenation with empty or all-NA entries is deprecated. In a future version, this will no longer exclude empty or all-NA columns when determining the result dtypes. To retain the old behavior, exclude the relevant entries before the concat operation.
  new = pd.concat([old, new], ignore_index=True) if len(old) else new
  1:1_GraphSAGE_focal_loss_s44__ShapleyFeatures: primary=0.996 full=0.996 edges=nan jac=nan (n=27, tp=26) 21.9s
/home/juan/Escritorio/gnn_thesis/gnns_thesis/scripts/explain_matrix.py:237: FutureWarning: The behavior of DataFrame concatenation with empty or all-NA entries is deprecated. In a future version, this will no longer exclude empty or all-NA columns when determining the result dtypes. To retain the old behavior, exclude the relevant entries before the concat operation.
  new = pd.concat([old, new], ignore_index=True) if len(old) else new
  1:1_GraphSAGE_none_s44__GNNExplainer: primary=0.956 full=0.956 edges=0.197 jac=0.596 (n=30, tp=28) 24.8s
  PGExplainer training complete (loss=0.1244)
  PGExplainer training complete (loss=0.3157)
  PGExplainer training complete (loss=0.2466)
  PGExplainer training complete (loss=0.2228)
  PGExplainer training complete (loss=0.3920)
  1:1_GraphSAGE_none_s44__PGExplainer: primary=0.072 full=nan edges=0.072 jac=0.517 (n=16, tp=28) 64.5s
/home/juan/Escritorio/gnn_thesis/gnns_thesis/scripts/explain_matrix.py:237: FutureWarning: The behavior of DataFrame concatenation with empty or all-NA entries is deprecated. In a future version, this will no longer exclude empty or all-NA columns when determining the result dtypes. To retain the old behavior, exclude the relevant entries before the concat operation.
  new = pd.concat([old, new], ignore_index=True) if len(old) else new
  1:1_GraphSAGE_none_s44__ShapleyFeatures: primary=0.995 full=0.995 edges=nan jac=nan (n=27, tp=28) 21.9s

Done: 9 ok, 0 failed, 5.6 min. CSV: results_v4/elliptic_v4_stability.csv
Device: cuda | torch threads: 2
Label mode: licit_unknown
Preprocessing Elliptic dataset...
Creating time-based splits:
  Train: 136,265 nodes (3,462 illicit, 132,803 licit, ratio 1:38.4)
  Val  : 37,820 nodes (914 illicit, 36,906 licit, ratio 1:40.4)
  Test : 29,684 nodes (169 illicit, 29,515 licit, ratio 1:174.6)
  Split counts validated against the official Elliptic release.
Normalizing features (fit on every node of the train timesteps):
  Features normalized (RobustScaler + clip[-10,10]): mean~0.7023, std~2.3916, clipped=4.69% of values
Preprocessing complete.
Common node set: 30 illicit val nodes (seed 1234, pool 914) -> results_v4/explain_nodes_v4.json
3 checkpoints | 9 units to explain (9 already complete) | 0 checkpoints gated out

Done: 0 ok, 0 failed, 0.0 min. CSV: results_v4/elliptic_v4_stability.csv
