/home/juan/Escritorio/gnn_thesis/gnns_thesis/scripts/explain_matrix.py:237: FutureWarning: The behavior of DataFrame concatenation with empty or all-NA entries is deprecated. In a future version, this will no longer exclude empty or all-NA columns when determining the result dtypes. To retain the old behavior, exclude the relevant entries before the concat operation.
  new = pd.concat([old, new], ignore_index=True) if len(old) else new
Device: cuda | torch threads: 2
Label mode: licit_unknown
Preprocessing Elliptic dataset...
Creating time-based splits:
  Train: 136,265 nodes (3,462 illicit, 132,803 licit, ratio 1:38.4)
  Val  : 37,820 nodes (914 illicit, 36,906 licit, ratio 1:40.4)
  Test : 29,684 nodes (169 illicit, 29,515 licit, ratio 1:174.6)
  Split counts validated against the official Elliptic release.
Normalizing features (fit on every node of the train timesteps):
  Features normalized (RobustScaler + clip[-10,10]): mean~0.7023, std~2.3916, clipped=4.69% of values
Preprocessing complete.
Common node set: 30 illicit val nodes (seed 1234, pool 914) -> results_v4/explain_nodes_v4.json
3 checkpoints | 9 units to explain (0 already complete) | 0 checkpoints gated out
  native_GCN_class_weighting__GNNExplainer: primary=0.925 full=0.925 edges=0.050 jac=0.521 (n=30, tp=11) 31.2s
  PGExplainer training complete (loss=0.2763)
  PGExplainer training complete (loss=0.5528)
  PGExplainer training complete (loss=0.2464)
  PGExplainer training complete (loss=0.5363)
  PGExplainer training complete (loss=0.5491)
  native_GCN_class_weighting__PGExplainer: primary=0.867 full=nan edges=0.867 jac=0.837 (n=16, tp=11) 79.7s
/home/juan/Escritorio/gnn_thesis/gnns_thesis/scripts/explain_matrix.py:237: FutureWarning: The behavior of DataFrame concatenation with empty or all-NA entries is deprecated. In a future version, this will no longer exclude empty or all-NA columns when determining the result dtypes. To retain the old behavior, exclude the relevant entries before the concat operation.
  new = pd.concat([old, new], ignore_index=True) if len(old) else new
  native_GCN_class_weighting__ShapleyFeatures: primary=0.998 full=0.998 edges=nan jac=nan (n=27, tp=11) 23.3s
/home/juan/Escritorio/gnn_thesis/gnns_thesis/scripts/explain_matrix.py:237: FutureWarning: The behavior of DataFrame concatenation with empty or all-NA entries is deprecated. In a future version, this will no longer exclude empty or all-NA columns when determining the result dtypes. To retain the old behavior, exclude the relevant entries before the concat operation.
  new = pd.concat([old, new], ignore_index=True) if len(old) else new
  native_GCN_focal_loss__GNNExplainer: primary=0.907 full=0.907 edges=0.187 jac=0.596 (n=30, tp=8) 30.1s
  PGExplainer training complete (loss=0.6621)
  PGExplainer training complete (loss=0.5836)
  PGExplainer training complete (loss=0.3054)
  PGExplainer training complete (loss=0.6312)
  PGExplainer training complete (loss=0.6040)
  native_GCN_focal_loss__PGExplainer: primary=0.303 full=nan edges=0.303 jac=0.671 (n=16, tp=8) 79.2s
/home/juan/Escritorio/gnn_thesis/gnns_thesis/scripts/explain_matrix.py:237: FutureWarning: The behavior of DataFrame concatenation with empty or all-NA entries is deprecated. In a future version, this will no longer exclude empty or all-NA columns when determining the result dtypes. To retain the old behavior, exclude the relevant entries before the concat operation.
  new = pd.concat([old, new], ignore_index=True) if len(old) else new
  native_GCN_focal_loss__ShapleyFeatures: primary=0.997 full=0.997 edges=nan jac=nan (n=27, tp=8) 23.4s
/home/juan/Escritorio/gnn_thesis/gnns_thesis/scripts/explain_matrix.py:237: FutureWarning: The behavior of DataFrame concatenation with empty or all-NA entries is deprecated. In a future version, this will no longer exclude empty or all-NA columns when determining the result dtypes. To retain the old behavior, exclude the relevant entries before the concat operation.
  new = pd.concat([old, new], ignore_index=True) if len(old) else new
  native_GCN_none__GNNExplainer: primary=0.912 full=0.912 edges=0.075 jac=0.533 (n=30, tp=0) 30.1s
  PGExplainer training complete (loss=0.4272)
  PGExplainer training complete (loss=0.4575)
  PGExplainer training complete (loss=0.2211)
  PGExplainer training complete (loss=0.4224)
  PGExplainer training complete (loss=0.3956)
  native_GCN_none__PGExplainer: primary=0.917 full=nan edges=0.917 jac=0.800 (n=12, tp=0) 79.7s
/home/juan/Escritorio/gnn_thesis/gnns_thesis/scripts/explain_matrix.py:237: FutureWarning: The behavior of DataFrame concatenation with empty or all-NA entries is deprecated. In a future version, this will no longer exclude empty or all-NA columns when determining the result dtypes. To retain the old behavior, exclude the relevant entries before the concat operation.
  new = pd.concat([old, new], ignore_index=True) if len(old) else new
  native_GCN_none__ShapleyFeatures: primary=0.998 full=0.998 edges=nan jac=nan (n=27, tp=0) 24.0s

Done: 9 ok, 0 failed, 6.7 min. CSV: results_v4/elliptic_v4_stability.csv
/home/juan/Escritorio/gnn_thesis/gnns_thesis/scripts/explain_matrix.py:237: FutureWarning: The behavior of DataFrame concatenation with empty or all-NA entries is deprecated. In a future version, this will no longer exclude empty or all-NA columns when determining the result dtypes. To retain the old behavior, exclude the relevant entries before the concat operation.
  new = pd.concat([old, new], ignore_index=True) if len(old) else new
Device: cuda | torch threads: 2
Label mode: licit_unknown
Preprocessing Elliptic dataset...
Creating time-based splits:
  Train: 136,265 nodes (3,462 illicit, 132,803 licit, ratio 1:38.4)
  Val  : 37,820 nodes (914 illicit, 36,906 licit, ratio 1:40.4)
  Test : 29,684 nodes (169 illicit, 29,515 licit, ratio 1:174.6)
  Split counts validated against the official Elliptic release.
Normalizing features (fit on every node of the train timesteps):
  Features normalized (RobustScaler + clip[-10,10]): mean~0.7023, std~2.3916, clipped=4.69% of values
Preprocessing complete.
Common node set: 30 illicit val nodes (seed 1234, pool 914) -> results_v4/explain_nodes_v4.json
3 checkpoints | 9 units to explain (0 already complete) | 0 checkpoints gated out
  1:10_GCN_class_weighting__GNNExplainer: primary=0.936 full=0.936 edges=0.234 jac=0.621 (n=30, tp=19) 32.9s
  PGExplainer training complete (loss=0.3708)
  PGExplainer training complete (loss=0.4651)
  PGExplainer training complete (loss=0.3419)
  PGExplainer training complete (loss=0.3535)
  PGExplainer training complete (loss=0.3743)
  1:10_GCN_class_weighting__PGExplainer: primary=-0.033 full=nan edges=-0.033 jac=0.492 (n=16, tp=19) 79.3s
/home/juan/Escritorio/gnn_thesis/gnns_thesis/scripts/explain_matrix.py:237: FutureWarning: The behavior of DataFrame concatenation with empty or all-NA entries is deprecated. In a future version, this will no longer exclude empty or all-NA columns when determining the result dtypes. To retain the old behavior, exclude the relevant entries before the concat operation.
  new = pd.concat([old, new], ignore_index=True) if len(old) else new
  1:10_GCN_class_weighting__ShapleyFeatures: primary=0.997 full=0.997 edges=nan jac=nan (n=27, tp=19) 23.2s
/home/juan/Escritorio/gnn_thesis/gnns_thesis/scripts/explain_matrix.py:237: FutureWarning: The behavior of DataFrame concatenation with empty or all-NA entries is deprecated. In a future version, this will no longer exclude empty or all-NA columns when determining the result dtypes. To retain the old behavior, exclude the relevant entries before the concat operation.
  new = pd.concat([old, new], ignore_index=True) if len(old) else new
  1:10_GCN_focal_loss__GNNExplainer: primary=0.907 full=0.907 edges=0.187 jac=0.596 (n=30, tp=4) 30.3s
  PGExplainer training complete (loss=0.6753)
  PGExplainer training complete (loss=0.6384)
  PGExplainer training complete (loss=0.3244)
  PGExplainer training complete (loss=0.6376)
  PGExplainer training complete (loss=0.6270)
  1:10_GCN_focal_loss__PGExplainer: primary=0.475 full=nan edges=0.475 jac=0.712 (n=16, tp=4) 79.4s
/home/juan/Escritorio/gnn_thesis/gnns_thesis/scripts/explain_matrix.py:237: FutureWarning: The behavior of DataFrame concatenation with empty or all-NA entries is deprecated. In a future version, this will no longer exclude empty or all-NA columns when determining the result dtypes. To retain the old behavior, exclude the relevant entries before the concat operation.
  new = pd.concat([old, new], ignore_index=True) if len(old) else new
  1:10_GCN_focal_loss__ShapleyFeatures: primary=0.997 full=0.997 edges=nan jac=nan (n=27, tp=4) 23.2s
/home/juan/Escritorio/gnn_thesis/gnns_thesis/scripts/explain_matrix.py:237: FutureWarning: The behavior of DataFrame concatenation with empty or all-NA entries is deprecated. In a future version, this will no longer exclude empty or all-NA columns when determining the result dtypes. To retain the old behavior, exclude the relevant entries before the concat operation.
  new = pd.concat([old, new], ignore_index=True) if len(old) else new
  1:10_GCN_none__GNNExplainer: primary=0.901 full=0.901 edges=0.187 jac=0.596 (n=30, tp=11) 30.2s
  PGExplainer training complete (loss=0.6840)
  PGExplainer training complete (loss=0.6717)
  PGExplainer training complete (loss=0.3733)
  PGExplainer training complete (loss=0.6547)
  PGExplainer training complete (loss=0.6593)
  1:10_GCN_none__PGExplainer: primary=0.378 full=nan edges=0.378 jac=0.696 (n=16, tp=11) 79.8s
/home/juan/Escritorio/gnn_thesis/gnns_thesis/scripts/explain_matrix.py:237: FutureWarning: The behavior of DataFrame concatenation with empty or all-NA entries is deprecated. In a future version, this will no longer exclude empty or all-NA columns when determining the result dtypes. To retain the old behavior, exclude the relevant entries before the concat operation.
  new = pd.concat([old, new], ignore_index=True) if len(old) else new
  1:10_GCN_none__ShapleyFeatures: primary=0.997 full=0.997 edges=nan jac=nan (n=27, tp=11) 23.2s

Done: 9 ok, 0 failed, 6.8 min. CSV: results_v4/elliptic_v4_stability.csv
/home/juan/Escritorio/gnn_thesis/gnns_thesis/scripts/explain_matrix.py:237: FutureWarning: The behavior of DataFrame concatenation with empty or all-NA entries is deprecated. In a future version, this will no longer exclude empty or all-NA columns when determining the result dtypes. To retain the old behavior, exclude the relevant entries before the concat operation.
  new = pd.concat([old, new], ignore_index=True) if len(old) else new
Device: cuda | torch threads: 2
Label mode: licit_unknown
Preprocessing Elliptic dataset...
Creating time-based splits:
  Train: 136,265 nodes (3,462 illicit, 132,803 licit, ratio 1:38.4)
  Val  : 37,820 nodes (914 illicit, 36,906 licit, ratio 1:40.4)
  Test : 29,684 nodes (169 illicit, 29,515 licit, ratio 1:174.6)
  Split counts validated against the official Elliptic release.
Normalizing features (fit on every node of the train timesteps):
  Features normalized (RobustScaler + clip[-10,10]): mean~0.7023, std~2.3916, clipped=4.69% of values
Preprocessing complete.
Common node set: 30 illicit val nodes (seed 1234, pool 914) -> results_v4/explain_nodes_v4.json
3 checkpoints | 9 units to explain (0 already complete) | 0 checkpoints gated out
  1:1_GCN_class_weighting__GNNExplainer: primary=0.939 full=0.939 edges=0.222 jac=0.608 (n=30, tp=24) 30.4s
  PGExplainer training complete (loss=0.3644)
  PGExplainer training complete (loss=0.4608)
  PGExplainer training complete (loss=0.3165)
  PGExplainer training complete (loss=0.3479)
  PGExplainer training complete (loss=0.3691)
  1:1_GCN_class_weighting__PGExplainer: primary=0.004 full=nan edges=0.004 jac=0.450 (n=16, tp=24) 78.9s
/home/juan/Escritorio/gnn_thesis/gnns_thesis/scripts/explain_matrix.py:237: FutureWarning: The behavior of DataFrame concatenation with empty or all-NA entries is deprecated. In a future version, this will no longer exclude empty or all-NA columns when determining the result dtypes. To retain the old behavior, exclude the relevant entries before the concat operation.
  new = pd.concat([old, new], ignore_index=True) if len(old) else new
  1:1_GCN_class_weighting__ShapleyFeatures: primary=0.997 full=0.997 edges=nan jac=nan (n=27, tp=24) 23.4s
/home/juan/Escritorio/gnn_thesis/gnns_thesis/scripts/explain_matrix.py:237: FutureWarning: The behavior of DataFrame concatenation with empty or all-NA entries is deprecated. In a future version, this will no longer exclude empty or all-NA columns when determining the result dtypes. To retain the old behavior, exclude the relevant entries before the concat operation.
  new = pd.concat([old, new], ignore_index=True) if len(old) else new
  1:1_GCN_focal_loss__GNNExplainer: primary=0.926 full=0.926 edges=0.172 jac=0.583 (n=30, tp=7) 30.4s
  PGExplainer training complete (loss=0.3330)
  PGExplainer training complete (loss=0.5969)
  PGExplainer training complete (loss=0.3256)
  PGExplainer training complete (loss=0.5875)
  PGExplainer training complete (loss=0.5507)
  1:1_GCN_focal_loss__PGExplainer: primary=0.742 full=nan edges=0.742 jac=0.762 (n=16, tp=7) 79.6s
/home/juan/Escritorio/gnn_thesis/gnns_thesis/scripts/explain_matrix.py:237: FutureWarning: The behavior of DataFrame concatenation with empty or all-NA entries is deprecated. In a future version, this will no longer exclude empty or all-NA columns when determining the result dtypes. To retain the old behavior, exclude the relevant entries before the concat operation.
  new = pd.concat([old, new], ignore_index=True) if len(old) else new
  1:1_GCN_focal_loss__ShapleyFeatures: primary=0.998 full=0.998 edges=nan jac=nan (n=27, tp=7) 23.5s
/home/juan/Escritorio/gnn_thesis/gnns_thesis/scripts/explain_matrix.py:237: FutureWarning: The behavior of DataFrame concatenation with empty or all-NA entries is deprecated. In a future version, this will no longer exclude empty or all-NA columns when determining the result dtypes. To retain the old behavior, exclude the relevant entries before the concat operation.
  new = pd.concat([old, new], ignore_index=True) if len(old) else new
  1:1_GCN_none__GNNExplainer: primary=0.938 full=0.938 edges=0.222 jac=0.608 (n=30, tp=24) 29.9s
  PGExplainer training complete (loss=0.3619)
  PGExplainer training complete (loss=0.4610)
  PGExplainer training complete (loss=0.3166)
  PGExplainer training complete (loss=0.3479)
  PGExplainer training complete (loss=0.3753)
  1:1_GCN_none__PGExplainer: primary=0.017 full=nan edges=0.017 jac=0.463 (n=16, tp=24) 79.4s
/home/juan/Escritorio/gnn_thesis/gnns_thesis/scripts/explain_matrix.py:237: FutureWarning: The behavior of DataFrame concatenation with empty or all-NA entries is deprecated. In a future version, this will no longer exclude empty or all-NA columns when determining the result dtypes. To retain the old behavior, exclude the relevant entries before the concat operation.
  new = pd.concat([old, new], ignore_index=True) if len(old) else new
  1:1_GCN_none__ShapleyFeatures: primary=0.997 full=0.997 edges=nan jac=nan (n=27, tp=24) 23.4s

Done: 9 ok, 0 failed, 6.7 min. CSV: results_v4/elliptic_v4_stability.csv
/home/juan/Escritorio/gnn_thesis/gnns_thesis/scripts/explain_matrix.py:237: FutureWarning: The behavior of DataFrame concatenation with empty or all-NA entries is deprecated. In a future version, this will no longer exclude empty or all-NA columns when determining the result dtypes. To retain the old behavior, exclude the relevant entries before the concat operation.
  new = pd.concat([old, new], ignore_index=True) if len(old) else new
Device: cuda | torch threads: 2
Label mode: licit_unknown
Preprocessing Elliptic dataset...
Creating time-based splits:
  Train: 136,265 nodes (3,462 illicit, 132,803 licit, ratio 1:38.4)
  Val  : 37,820 nodes (914 illicit, 36,906 licit, ratio 1:40.4)
  Test : 29,684 nodes (169 illicit, 29,515 licit, ratio 1:174.6)
  Split counts validated against the official Elliptic release.
Normalizing features (fit on every node of the train timesteps):
  Features normalized (RobustScaler + clip[-10,10]): mean~0.7023, std~2.3916, clipped=4.69% of values
Preprocessing complete.
Common node set: 30 illicit val nodes (seed 1234, pool 914) -> results_v4/explain_nodes_v4.json
3 checkpoints | 9 units to explain (0 already complete) | 0 checkpoints gated out
  1:10_os_GCN_class_weighting__GNNExplainer: primary=0.941 full=0.941 edges=0.234 jac=0.621 (n=30, tp=19) 30.0s
  PGExplainer training complete (loss=0.3629)
  PGExplainer training complete (loss=0.4614)
  PGExplainer training complete (loss=0.3325)
  PGExplainer training complete (loss=0.3235)
  PGExplainer training complete (loss=0.3730)
  1:10_os_GCN_class_weighting__PGExplainer: primary=-0.057 full=nan edges=-0.057 jac=0.496 (n=16, tp=19) 84.8s
/home/juan/Escritorio/gnn_thesis/gnns_thesis/scripts/explain_matrix.py:237: FutureWarning: The behavior of DataFrame concatenation with empty or all-NA entries is deprecated. In a future version, this will no longer exclude empty or all-NA columns when determining the result dtypes. To retain the old behavior, exclude the relevant entries before the concat operation.
  new = pd.concat([old, new], ignore_index=True) if len(old) else new
  1:10_os_GCN_class_weighting__ShapleyFeatures: primary=0.998 full=0.998 edges=nan jac=nan (n=27, tp=19) 24.8s
/home/juan/Escritorio/gnn_thesis/gnns_thesis/scripts/explain_matrix.py:237: FutureWarning: The behavior of DataFrame concatenation with empty or all-NA entries is deprecated. In a future version, this will no longer exclude empty or all-NA columns when determining the result dtypes. To retain the old behavior, exclude the relevant entries before the concat operation.
  new = pd.concat([old, new], ignore_index=True) if len(old) else new
  1:10_os_GCN_focal_loss__GNNExplainer: primary=0.911 full=0.911 edges=0.162 jac=0.583 (n=30, tp=6) 34.7s
  PGExplainer training complete (loss=0.6791)
  PGExplainer training complete (loss=0.6312)
  PGExplainer training complete (loss=0.3108)
  PGExplainer training complete (loss=0.6374)
  PGExplainer training complete (loss=0.6207)
  1:10_os_GCN_focal_loss__PGExplainer: primary=0.537 full=nan edges=0.537 jac=0.737 (n=16, tp=6) 91.0s
/home/juan/Escritorio/gnn_thesis/gnns_thesis/scripts/explain_matrix.py:237: FutureWarning: The behavior of DataFrame concatenation with empty or all-NA entries is deprecated. In a future version, this will no longer exclude empty or all-NA columns when determining the result dtypes. To retain the old behavior, exclude the relevant entries before the concat operation.
  new = pd.concat([old, new], ignore_index=True) if len(old) else new
  1:10_os_GCN_focal_loss__ShapleyFeatures: primary=0.997 full=0.997 edges=nan jac=nan (n=27, tp=6) 25.1s
/home/juan/Escritorio/gnn_thesis/gnns_thesis/scripts/explain_matrix.py:237: FutureWarning: The behavior of DataFrame concatenation with empty or all-NA entries is deprecated. In a future version, this will no longer exclude empty or all-NA columns when determining the result dtypes. To retain the old behavior, exclude the relevant entries before the concat operation.
  new = pd.concat([old, new], ignore_index=True) if len(old) else new
  1:10_os_GCN_none__GNNExplainer: primary=0.902 full=0.902 edges=0.187 jac=0.596 (n=30, tp=11) 34.7s
  PGExplainer training complete (loss=0.6877)
  PGExplainer training complete (loss=0.6649)
  PGExplainer training complete (loss=0.3775)
  PGExplainer training complete (loss=0.6568)
  PGExplainer training complete (loss=0.6491)
  1:10_os_GCN_none__PGExplainer: primary=0.428 full=nan edges=0.428 jac=0.721 (n=16, tp=11) 92.0s
/home/juan/Escritorio/gnn_thesis/gnns_thesis/scripts/explain_matrix.py:237: FutureWarning: The behavior of DataFrame concatenation with empty or all-NA entries is deprecated. In a future version, this will no longer exclude empty or all-NA columns when determining the result dtypes. To retain the old behavior, exclude the relevant entries before the concat operation.
  new = pd.concat([old, new], ignore_index=True) if len(old) else new
  1:10_os_GCN_none__ShapleyFeatures: primary=0.997 full=0.997 edges=nan jac=nan (n=27, tp=11) 24.8s

Done: 9 ok, 0 failed, 7.4 min. CSV: results_v4/elliptic_v4_stability.csv
