/home/juan/Escritorio/gnn_thesis/gnns_thesis/scripts/explain_matrix.py:237: FutureWarning: The behavior of DataFrame concatenation with empty or all-NA entries is deprecated. In a future version, this will no longer exclude empty or all-NA columns when determining the result dtypes. To retain the old behavior, exclude the relevant entries before the concat operation.
  new = pd.concat([old, new], ignore_index=True) if len(old) else new
Device: cuda | torch threads: 2
Label mode: licit_unknown
Preprocessing Elliptic dataset...
Creating time-based splits:
  Train: 136,265 nodes (3,462 illicit, 132,803 licit, ratio 1:38.4)
  Val  : 37,820 nodes (914 illicit, 36,906 licit, ratio 1:40.4)
  Test : 29,684 nodes (169 illicit, 29,515 licit, ratio 1:174.6)
  Split counts validated against the official Elliptic release.
Normalizing features (fit on every node of the train timesteps):
  Features normalized (RobustScaler + clip[-10,10]): mean~0.7023, std~2.3916, clipped=4.69% of values
Preprocessing complete.
Common node set: 30 illicit val nodes (seed 1234, pool 914) -> results_v4/explain_nodes_v4.json
3 checkpoints | 9 units to explain (3 already complete) | 0 checkpoints gated out
  native_TAGCN_focal_loss_s43__GNNExplainer: primary=0.886 full=0.886 edges=0.088 jac=0.589 (n=30, tp=7) 45.8s
  PGExplainer training complete (loss=0.4451)
  PGExplainer training complete (loss=0.5098)
  PGExplainer training complete (loss=0.4028)
  PGExplainer training complete (loss=0.3946)
  PGExplainer training complete (loss=0.4927)
  native_TAGCN_focal_loss_s43__PGExplainer: primary=0.041 full=nan edges=0.041 jac=0.562 (n=16, tp=7) 121.0s
/home/juan/Escritorio/gnn_thesis/gnns_thesis/scripts/explain_matrix.py:237: FutureWarning: The behavior of DataFrame concatenation with empty or all-NA entries is deprecated. In a future version, this will no longer exclude empty or all-NA columns when determining the result dtypes. To retain the old behavior, exclude the relevant entries before the concat operation.
  new = pd.concat([old, new], ignore_index=True) if len(old) else new
  native_TAGCN_focal_loss_s43__ShapleyFeatures: primary=0.992 full=0.992 edges=nan jac=nan (n=27, tp=7) 27.4s
/home/juan/Escritorio/gnn_thesis/gnns_thesis/scripts/explain_matrix.py:237: FutureWarning: The behavior of DataFrame concatenation with empty or all-NA entries is deprecated. In a future version, this will no longer exclude empty or all-NA columns when determining the result dtypes. To retain the old behavior, exclude the relevant entries before the concat operation.
  new = pd.concat([old, new], ignore_index=True) if len(old) else new
  native_TAGCN_none_s43__GNNExplainer: primary=0.894 full=0.894 edges=0.049 jac=0.564 (n=30, tp=0) 46.0s
  PGExplainer training complete (loss=0.1891)
  PGExplainer training complete (loss=0.6666)
  PGExplainer training complete (loss=0.2231)
  PGExplainer training complete (loss=0.5571)
  PGExplainer training complete (loss=0.6961)
  native_TAGCN_none_s43__PGExplainer: primary=0.242 full=nan edges=0.242 jac=0.612 (n=16, tp=0) 120.4s
/home/juan/Escritorio/gnn_thesis/gnns_thesis/scripts/explain_matrix.py:237: FutureWarning: The behavior of DataFrame concatenation with empty or all-NA entries is deprecated. In a future version, this will no longer exclude empty or all-NA columns when determining the result dtypes. To retain the old behavior, exclude the relevant entries before the concat operation.
  new = pd.concat([old, new], ignore_index=True) if len(old) else new
  native_TAGCN_none_s43__ShapleyFeatures: primary=0.995 full=0.995 edges=nan jac=nan (n=27, tp=0) 27.4s

Done: 6 ok, 0 failed, 6.6 min. CSV: results_v4/elliptic_v4_stability.csv
Device: cuda | torch threads: 2
Label mode: licit_unknown
Preprocessing Elliptic dataset...
Creating time-based splits:
  Train: 136,265 nodes (3,462 illicit, 132,803 licit, ratio 1:38.4)
  Val  : 37,820 nodes (914 illicit, 36,906 licit, ratio 1:40.4)
  Test : 29,684 nodes (169 illicit, 29,515 licit, ratio 1:174.6)
  Split counts validated against the official Elliptic release.
Normalizing features (fit on every node of the train timesteps):
  Features normalized (RobustScaler + clip[-10,10]): mean~0.7023, std~2.3916, clipped=4.69% of values
Preprocessing complete.
Common node set: 30 illicit val nodes (seed 1234, pool 914) -> results_v4/explain_nodes_v4.json
3 checkpoints | 9 units to explain (9 already complete) | 0 checkpoints gated out

Done: 0 ok, 0 failed, 0.0 min. CSV: results_v4/elliptic_v4_stability.csv
/home/juan/Escritorio/gnn_thesis/gnns_thesis/scripts/explain_matrix.py:237: FutureWarning: The behavior of DataFrame concatenation with empty or all-NA entries is deprecated. In a future version, this will no longer exclude empty or all-NA columns when determining the result dtypes. To retain the old behavior, exclude the relevant entries before the concat operation.
  new = pd.concat([old, new], ignore_index=True) if len(old) else new
Device: cuda | torch threads: 2
Label mode: licit_unknown
Preprocessing Elliptic dataset...
Creating time-based splits:
  Train: 136,265 nodes (3,462 illicit, 132,803 licit, ratio 1:38.4)
  Val  : 37,820 nodes (914 illicit, 36,906 licit, ratio 1:40.4)
  Test : 29,684 nodes (169 illicit, 29,515 licit, ratio 1:174.6)
  Split counts validated against the official Elliptic release.
Normalizing features (fit on every node of the train timesteps):
  Features normalized (RobustScaler + clip[-10,10]): mean~0.7023, std~2.3916, clipped=4.69% of values
Preprocessing complete.
Common node set: 30 illicit val nodes (seed 1234, pool 914) -> results_v4/explain_nodes_v4.json
3 checkpoints | 9 units to explain (0 already complete) | 0 checkpoints gated out
  1:1_TAGCN_class_weighting_s43__GNNExplainer: primary=0.956 full=0.956 edges=0.073 jac=0.586 (n=30, tp=21) 46.6s
  PGExplainer training complete (loss=0.0796)
  PGExplainer training complete (loss=0.2134)
  PGExplainer training complete (loss=0.1404)
  PGExplainer training complete (loss=0.1162)
  PGExplainer training complete (loss=0.1396)
  1:1_TAGCN_class_weighting_s43__PGExplainer: primary=0.368 full=nan edges=0.368 jac=0.642 (n=16, tp=21) 121.2s
/home/juan/Escritorio/gnn_thesis/gnns_thesis/scripts/explain_matrix.py:237: FutureWarning: The behavior of DataFrame concatenation with empty or all-NA entries is deprecated. In a future version, this will no longer exclude empty or all-NA columns when determining the result dtypes. To retain the old behavior, exclude the relevant entries before the concat operation.
  new = pd.concat([old, new], ignore_index=True) if len(old) else new
  1:1_TAGCN_class_weighting_s43__ShapleyFeatures: primary=0.989 full=0.989 edges=nan jac=nan (n=27, tp=21) 27.5s
/home/juan/Escritorio/gnn_thesis/gnns_thesis/scripts/explain_matrix.py:237: FutureWarning: The behavior of DataFrame concatenation with empty or all-NA entries is deprecated. In a future version, this will no longer exclude empty or all-NA columns when determining the result dtypes. To retain the old behavior, exclude the relevant entries before the concat operation.
  new = pd.concat([old, new], ignore_index=True) if len(old) else new
  1:1_TAGCN_focal_loss_s43__GNNExplainer: primary=0.885 full=0.885 edges=0.083 jac=0.575 (n=30, tp=26) 53.3s
  PGExplainer training complete (loss=0.5942)
  PGExplainer training complete (loss=0.6839)
  PGExplainer training complete (loss=0.5282)
  PGExplainer training complete (loss=0.6521)
  PGExplainer training complete (loss=0.6727)
  1:1_TAGCN_focal_loss_s43__PGExplainer: primary=-0.162 full=nan edges=-0.162 jac=0.483 (n=16, tp=26) 139.2s
/home/juan/Escritorio/gnn_thesis/gnns_thesis/scripts/explain_matrix.py:237: FutureWarning: The behavior of DataFrame concatenation with empty or all-NA entries is deprecated. In a future version, this will no longer exclude empty or all-NA columns when determining the result dtypes. To retain the old behavior, exclude the relevant entries before the concat operation.
  new = pd.concat([old, new], ignore_index=True) if len(old) else new
  1:1_TAGCN_focal_loss_s43__ShapleyFeatures: primary=0.992 full=0.992 edges=nan jac=nan (n=27, tp=26) 29.5s
/home/juan/Escritorio/gnn_thesis/gnns_thesis/scripts/explain_matrix.py:237: FutureWarning: The behavior of DataFrame concatenation with empty or all-NA entries is deprecated. In a future version, this will no longer exclude empty or all-NA columns when determining the result dtypes. To retain the old behavior, exclude the relevant entries before the concat operation.
  new = pd.concat([old, new], ignore_index=True) if len(old) else new
  1:1_TAGCN_none_s43__GNNExplainer: primary=0.954 full=0.954 edges=0.074 jac=0.586 (n=30, tp=22) 45.9s
  PGExplainer training complete (loss=0.0778)
  PGExplainer training complete (loss=0.2225)
  PGExplainer training complete (loss=0.1544)
  PGExplainer training complete (loss=0.1308)
  PGExplainer training complete (loss=0.1517)
  1:1_TAGCN_none_s43__PGExplainer: primary=0.398 full=nan edges=0.398 jac=0.642 (n=16, tp=22) 120.9s
/home/juan/Escritorio/gnn_thesis/gnns_thesis/scripts/explain_matrix.py:237: FutureWarning: The behavior of DataFrame concatenation with empty or all-NA entries is deprecated. In a future version, this will no longer exclude empty or all-NA columns when determining the result dtypes. To retain the old behavior, exclude the relevant entries before the concat operation.
  new = pd.concat([old, new], ignore_index=True) if len(old) else new
  1:1_TAGCN_none_s43__ShapleyFeatures: primary=0.989 full=0.989 edges=nan jac=nan (n=27, tp=22) 27.4s

Done: 9 ok, 0 failed, 10.3 min. CSV: results_v4/elliptic_v4_stability.csv
Device: cuda | torch threads: 2
Label mode: licit_unknown
Preprocessing Elliptic dataset...
Creating time-based splits:
  Train: 136,265 nodes (3,462 illicit, 132,803 licit, ratio 1:38.4)
  Val  : 37,820 nodes (914 illicit, 36,906 licit, ratio 1:40.4)
  Test : 29,684 nodes (169 illicit, 29,515 licit, ratio 1:174.6)
  Split counts validated against the official Elliptic release.
Normalizing features (fit on every node of the train timesteps):
  Features normalized (RobustScaler + clip[-10,10]): mean~0.7023, std~2.3916, clipped=4.69% of values
Preprocessing complete.
Common node set: 30 illicit val nodes (seed 1234, pool 914) -> results_v4/explain_nodes_v4.json
3 checkpoints | 9 units to explain (9 already complete) | 0 checkpoints gated out

Done: 0 ok, 0 failed, 0.0 min. CSV: results_v4/elliptic_v4_stability.csv
