/home/juan/Escritorio/gnn_thesis/gnns_thesis/scripts/explain_matrix.py:237: FutureWarning: The behavior of DataFrame concatenation with empty or all-NA entries is deprecated. In a future version, this will no longer exclude empty or all-NA columns when determining the result dtypes. To retain the old behavior, exclude the relevant entries before the concat operation.
  new = pd.concat([old, new], ignore_index=True) if len(old) else new
Device: cuda | torch threads: 2
Label mode: licit_unknown
Preprocessing Elliptic dataset...
Creating time-based splits:
  Train: 136,265 nodes (3,462 illicit, 132,803 licit, ratio 1:38.4)
  Val  : 37,820 nodes (914 illicit, 36,906 licit, ratio 1:40.4)
  Test : 29,684 nodes (169 illicit, 29,515 licit, ratio 1:174.6)
  Split counts validated against the official Elliptic release.
Normalizing features (fit on every node of the train timesteps):
  Features normalized (RobustScaler + clip[-10,10]): mean~0.7023, std~2.3916, clipped=4.69% of values
Preprocessing complete.
Common node set: 30 illicit val nodes (seed 1234, pool 914) -> results_v4/explain_nodes_v4.json
3 checkpoints | 9 units to explain (6 already complete) | 0 checkpoints gated out
  native_GAT_class_weighting__GNNExplainer: primary=0.946 full=0.946 edges=0.194 jac=0.596 (n=30, tp=26) 39.8s
  PGExplainer training complete (loss=0.1548)
  PGExplainer training complete (loss=0.3490)
  PGExplainer training complete (loss=0.1767)
  PGExplainer training complete (loss=0.2673)
  PGExplainer training complete (loss=0.3504)
  native_GAT_class_weighting__PGExplainer: primary=0.262 full=nan edges=0.262 jac=0.521 (n=16, tp=26) 97.7s
/home/juan/Escritorio/gnn_thesis/gnns_thesis/scripts/explain_matrix.py:237: FutureWarning: The behavior of DataFrame concatenation with empty or all-NA entries is deprecated. In a future version, this will no longer exclude empty or all-NA columns when determining the result dtypes. To retain the old behavior, exclude the relevant entries before the concat operation.
  new = pd.concat([old, new], ignore_index=True) if len(old) else new
  native_GAT_class_weighting__ShapleyFeatures: primary=0.996 full=0.996 edges=nan jac=nan (n=27, tp=26) 24.4s

Done: 3 ok, 0 failed, 2.8 min. CSV: results_v4/elliptic_v4_stability.csv
/home/juan/Escritorio/gnn_thesis/gnns_thesis/scripts/explain_matrix.py:237: FutureWarning: The behavior of DataFrame concatenation with empty or all-NA entries is deprecated. In a future version, this will no longer exclude empty or all-NA columns when determining the result dtypes. To retain the old behavior, exclude the relevant entries before the concat operation.
  new = pd.concat([old, new], ignore_index=True) if len(old) else new
Device: cuda | torch threads: 2
Label mode: licit_unknown
Preprocessing Elliptic dataset...
Creating time-based splits:
  Train: 136,265 nodes (3,462 illicit, 132,803 licit, ratio 1:38.4)
  Val  : 37,820 nodes (914 illicit, 36,906 licit, ratio 1:40.4)
  Test : 29,684 nodes (169 illicit, 29,515 licit, ratio 1:174.6)
  Split counts validated against the official Elliptic release.
Normalizing features (fit on every node of the train timesteps):
  Features normalized (RobustScaler + clip[-10,10]): mean~0.7023, std~2.3916, clipped=4.69% of values
Preprocessing complete.
Common node set: 30 illicit val nodes (seed 1234, pool 914) -> results_v4/explain_nodes_v4.json
3 checkpoints | 9 units to explain (3 already complete) | 0 checkpoints gated out
  1:10_GAT_class_weighting__GNNExplainer: primary=0.946 full=0.946 edges=0.194 jac=0.596 (n=30, tp=26) 38.5s
  PGExplainer training complete (loss=0.1498)
  PGExplainer training complete (loss=0.3454)
  PGExplainer training complete (loss=0.1756)
  PGExplainer training complete (loss=0.2714)
  PGExplainer training complete (loss=0.3549)
  1:10_GAT_class_weighting__PGExplainer: primary=0.208 full=nan edges=0.208 jac=0.508 (n=16, tp=26) 98.2s
/home/juan/Escritorio/gnn_thesis/gnns_thesis/scripts/explain_matrix.py:237: FutureWarning: The behavior of DataFrame concatenation with empty or all-NA entries is deprecated. In a future version, this will no longer exclude empty or all-NA columns when determining the result dtypes. To retain the old behavior, exclude the relevant entries before the concat operation.
  new = pd.concat([old, new], ignore_index=True) if len(old) else new
  1:10_GAT_class_weighting__ShapleyFeatures: primary=0.996 full=0.996 edges=nan jac=nan (n=27, tp=26) 24.7s
/home/juan/Escritorio/gnn_thesis/gnns_thesis/scripts/explain_matrix.py:237: FutureWarning: The behavior of DataFrame concatenation with empty or all-NA entries is deprecated. In a future version, this will no longer exclude empty or all-NA columns when determining the result dtypes. To retain the old behavior, exclude the relevant entries before the concat operation.
  new = pd.concat([old, new], ignore_index=True) if len(old) else new
  1:10_GAT_focal_loss__GNNExplainer: primary=0.934 full=0.934 edges=0.119 jac=0.558 (n=30, tp=19) 40.0s
  PGExplainer training complete (loss=0.4964)
  PGExplainer training complete (loss=0.4812)
  PGExplainer training complete (loss=0.3138)
  PGExplainer training complete (loss=0.5287)
  PGExplainer training complete (loss=0.5603)
  1:10_GAT_focal_loss__PGExplainer: primary=0.911 full=nan edges=0.911 jac=0.800 (n=15, tp=19) 98.3s
/home/juan/Escritorio/gnn_thesis/gnns_thesis/scripts/explain_matrix.py:237: FutureWarning: The behavior of DataFrame concatenation with empty or all-NA entries is deprecated. In a future version, this will no longer exclude empty or all-NA columns when determining the result dtypes. To retain the old behavior, exclude the relevant entries before the concat operation.
  new = pd.concat([old, new], ignore_index=True) if len(old) else new
  1:10_GAT_focal_loss__ShapleyFeatures: primary=0.996 full=0.996 edges=nan jac=nan (n=27, tp=19) 24.7s

Done: 6 ok, 0 failed, 5.5 min. CSV: results_v4/elliptic_v4_stability.csv
/home/juan/Escritorio/gnn_thesis/gnns_thesis/scripts/explain_matrix.py:237: FutureWarning: The behavior of DataFrame concatenation with empty or all-NA entries is deprecated. In a future version, this will no longer exclude empty or all-NA columns when determining the result dtypes. To retain the old behavior, exclude the relevant entries before the concat operation.
  new = pd.concat([old, new], ignore_index=True) if len(old) else new
Device: cuda | torch threads: 2
Label mode: licit_unknown
Preprocessing Elliptic dataset...
Creating time-based splits:
  Train: 136,265 nodes (3,462 illicit, 132,803 licit, ratio 1:38.4)
  Val  : 37,820 nodes (914 illicit, 36,906 licit, ratio 1:40.4)
  Test : 29,684 nodes (169 illicit, 29,515 licit, ratio 1:174.6)
  Split counts validated against the official Elliptic release.
Normalizing features (fit on every node of the train timesteps):
  Features normalized (RobustScaler + clip[-10,10]): mean~0.7023, std~2.3916, clipped=4.69% of values
Preprocessing complete.
Common node set: 30 illicit val nodes (seed 1234, pool 914) -> results_v4/explain_nodes_v4.json
3 checkpoints | 9 units to explain (0 already complete) | 0 checkpoints gated out
  1:1_GAT_class_weighting__GNNExplainer: primary=0.946 full=0.946 edges=0.169 jac=0.583 (n=30, tp=25) 38.9s
  PGExplainer training complete (loss=0.2034)
  PGExplainer training complete (loss=0.3925)
  PGExplainer training complete (loss=0.2218)
  PGExplainer training complete (loss=0.3626)
  PGExplainer training complete (loss=0.4220)
  1:1_GAT_class_weighting__PGExplainer: primary=0.282 full=nan edges=0.282 jac=0.650 (n=13, tp=25) 97.6s
/home/juan/Escritorio/gnn_thesis/gnns_thesis/scripts/explain_matrix.py:237: FutureWarning: The behavior of DataFrame concatenation with empty or all-NA entries is deprecated. In a future version, this will no longer exclude empty or all-NA columns when determining the result dtypes. To retain the old behavior, exclude the relevant entries before the concat operation.
  new = pd.concat([old, new], ignore_index=True) if len(old) else new
  1:1_GAT_class_weighting__ShapleyFeatures: primary=0.997 full=0.997 edges=nan jac=nan (n=27, tp=25) 24.4s
/home/juan/Escritorio/gnn_thesis/gnns_thesis/scripts/explain_matrix.py:237: FutureWarning: The behavior of DataFrame concatenation with empty or all-NA entries is deprecated. In a future version, this will no longer exclude empty or all-NA columns when determining the result dtypes. To retain the old behavior, exclude the relevant entries before the concat operation.
  new = pd.concat([old, new], ignore_index=True) if len(old) else new
  1:1_GAT_focal_loss__GNNExplainer: primary=0.929 full=0.929 edges=0.081 jac=0.542 (n=30, tp=25) 38.1s
  PGExplainer training complete (loss=0.2523)
  PGExplainer training complete (loss=0.4324)
  PGExplainer training complete (loss=0.2664)
  PGExplainer training complete (loss=0.4637)
  PGExplainer training complete (loss=0.3912)
  1:1_GAT_focal_loss__PGExplainer: primary=0.897 full=nan edges=0.897 jac=0.737 (n=13, tp=25) 98.6s
/home/juan/Escritorio/gnn_thesis/gnns_thesis/scripts/explain_matrix.py:237: FutureWarning: The behavior of DataFrame concatenation with empty or all-NA entries is deprecated. In a future version, this will no longer exclude empty or all-NA columns when determining the result dtypes. To retain the old behavior, exclude the relevant entries before the concat operation.
  new = pd.concat([old, new], ignore_index=True) if len(old) else new
  1:1_GAT_focal_loss__ShapleyFeatures: primary=0.997 full=0.997 edges=nan jac=nan (n=27, tp=25) 24.4s
/home/juan/Escritorio/gnn_thesis/gnns_thesis/scripts/explain_matrix.py:237: FutureWarning: The behavior of DataFrame concatenation with empty or all-NA entries is deprecated. In a future version, this will no longer exclude empty or all-NA columns when determining the result dtypes. To retain the old behavior, exclude the relevant entries before the concat operation.
  new = pd.concat([old, new], ignore_index=True) if len(old) else new
  1:1_GAT_none__GNNExplainer: primary=0.946 full=0.946 edges=0.169 jac=0.583 (n=30, tp=25) 38.7s
  PGExplainer training complete (loss=0.2034)
  PGExplainer training complete (loss=0.3925)
  PGExplainer training complete (loss=0.2218)
  PGExplainer training complete (loss=0.3626)
  PGExplainer training complete (loss=0.4220)
  1:1_GAT_none__PGExplainer: primary=0.282 full=nan edges=0.282 jac=0.650 (n=13, tp=25) 98.2s
/home/juan/Escritorio/gnn_thesis/gnns_thesis/scripts/explain_matrix.py:237: FutureWarning: The behavior of DataFrame concatenation with empty or all-NA entries is deprecated. In a future version, this will no longer exclude empty or all-NA columns when determining the result dtypes. To retain the old behavior, exclude the relevant entries before the concat operation.
  new = pd.concat([old, new], ignore_index=True) if len(old) else new
  1:1_GAT_none__ShapleyFeatures: primary=0.997 full=0.997 edges=nan jac=nan (n=27, tp=25) 24.5s

Done: 9 ok, 0 failed, 8.2 min. CSV: results_v4/elliptic_v4_stability.csv
/home/juan/Escritorio/gnn_thesis/gnns_thesis/scripts/explain_matrix.py:237: FutureWarning: The behavior of DataFrame concatenation with empty or all-NA entries is deprecated. In a future version, this will no longer exclude empty or all-NA columns when determining the result dtypes. To retain the old behavior, exclude the relevant entries before the concat operation.
  new = pd.concat([old, new], ignore_index=True) if len(old) else new
Device: cuda | torch threads: 2
Label mode: licit_unknown
Preprocessing Elliptic dataset...
Creating time-based splits:
  Train: 136,265 nodes (3,462 illicit, 132,803 licit, ratio 1:38.4)
  Val  : 37,820 nodes (914 illicit, 36,906 licit, ratio 1:40.4)
  Test : 29,684 nodes (169 illicit, 29,515 licit, ratio 1:174.6)
  Split counts validated against the official Elliptic release.
Normalizing features (fit on every node of the train timesteps):
  Features normalized (RobustScaler + clip[-10,10]): mean~0.7023, std~2.3916, clipped=4.69% of values
Preprocessing complete.
Common node set: 30 illicit val nodes (seed 1234, pool 914) -> results_v4/explain_nodes_v4.json
3 checkpoints | 9 units to explain (6 already complete) | 0 checkpoints gated out
  1:10_os_GAT_class_weighting__GNNExplainer: primary=0.945 full=0.945 edges=0.169 jac=0.583 (n=30, tp=25) 38.4s
  PGExplainer training complete (loss=0.1537)
  PGExplainer training complete (loss=0.3444)
  PGExplainer training complete (loss=0.1715)
  PGExplainer training complete (loss=0.2538)
  PGExplainer training complete (loss=0.3341)
  1:10_os_GAT_class_weighting__PGExplainer: primary=0.041 full=nan edges=0.041 jac=0.508 (n=16, tp=25) 98.3s
/home/juan/Escritorio/gnn_thesis/gnns_thesis/scripts/explain_matrix.py:237: FutureWarning: The behavior of DataFrame concatenation with empty or all-NA entries is deprecated. In a future version, this will no longer exclude empty or all-NA columns when determining the result dtypes. To retain the old behavior, exclude the relevant entries before the concat operation.
  new = pd.concat([old, new], ignore_index=True) if len(old) else new
  1:10_os_GAT_class_weighting__ShapleyFeatures: primary=0.996 full=0.996 edges=nan jac=nan (n=27, tp=25) 24.7s

Done: 3 ok, 0 failed, 2.8 min. CSV: results_v4/elliptic_v4_stability.csv
