/home/juan/Escritorio/gnn_thesis/gnns_thesis/scripts/explain_matrix.py:237: FutureWarning: The behavior of DataFrame concatenation with empty or all-NA entries is deprecated. In a future version, this will no longer exclude empty or all-NA columns when determining the result dtypes. To retain the old behavior, exclude the relevant entries before the concat operation.
  new = pd.concat([old, new], ignore_index=True) if len(old) else new
Device: cuda | torch threads: 2
Label mode: licit_unknown
Preprocessing Elliptic dataset...
Creating time-based splits:
  Train: 136,265 nodes (3,462 illicit, 132,803 licit, ratio 1:38.4)
  Val  : 37,820 nodes (914 illicit, 36,906 licit, ratio 1:40.4)
  Test : 29,684 nodes (169 illicit, 29,515 licit, ratio 1:174.6)
  Split counts validated against the official Elliptic release.
Normalizing features (fit on every node of the train timesteps):
  Features normalized (RobustScaler + clip[-10,10]): mean~0.7023, std~2.3916, clipped=4.69% of values
Preprocessing complete.
Common node set: 30 illicit val nodes (seed 1234, pool 914) -> results_v4/explain_nodes_v4.json
3 checkpoints | 9 units to explain (3 already complete) | 0 checkpoints gated out
  native_TAGCN_class_weighting_s44__GNNExplainer: primary=0.902 full=0.902 edges=0.131 jac=0.605 (n=30, tp=21) 46.9s
  PGExplainer training complete (loss=0.4561)
  PGExplainer training complete (loss=0.5856)
  PGExplainer training complete (loss=0.4031)
  PGExplainer training complete (loss=0.4083)
  PGExplainer training complete (loss=0.5748)
  native_TAGCN_class_weighting_s44__PGExplainer: primary=0.177 full=nan edges=0.177 jac=0.587 (n=16, tp=21) 121.1s
/home/juan/Escritorio/gnn_thesis/gnns_thesis/scripts/explain_matrix.py:237: FutureWarning: The behavior of DataFrame concatenation with empty or all-NA entries is deprecated. In a future version, this will no longer exclude empty or all-NA columns when determining the result dtypes. To retain the old behavior, exclude the relevant entries before the concat operation.
  new = pd.concat([old, new], ignore_index=True) if len(old) else new
  native_TAGCN_class_weighting_s44__ShapleyFeatures: primary=0.994 full=0.994 edges=nan jac=nan (n=27, tp=21) 27.3s
/home/juan/Escritorio/gnn_thesis/gnns_thesis/scripts/explain_matrix.py:237: FutureWarning: The behavior of DataFrame concatenation with empty or all-NA entries is deprecated. In a future version, this will no longer exclude empty or all-NA columns when determining the result dtypes. To retain the old behavior, exclude the relevant entries before the concat operation.
  new = pd.concat([old, new], ignore_index=True) if len(old) else new
  native_TAGCN_none_s44__GNNExplainer: primary=0.902 full=0.902 edges=0.018 jac=0.567 (n=30, tp=0) 46.6s
  PGExplainer training complete (loss=0.2340)
  PGExplainer training complete (loss=0.1814)
  PGExplainer training complete (loss=0.2466)
  PGExplainer training complete (loss=0.2179)
  PGExplainer training complete (loss=0.1466)
  native_TAGCN_none_s44__PGExplainer: primary=0.486 full=nan edges=0.486 jac=0.700 (n=16, tp=0) 122.2s
/home/juan/Escritorio/gnn_thesis/gnns_thesis/scripts/explain_matrix.py:237: FutureWarning: The behavior of DataFrame concatenation with empty or all-NA entries is deprecated. In a future version, this will no longer exclude empty or all-NA columns when determining the result dtypes. To retain the old behavior, exclude the relevant entries before the concat operation.
  new = pd.concat([old, new], ignore_index=True) if len(old) else new
  native_TAGCN_none_s44__ShapleyFeatures: primary=0.995 full=0.995 edges=nan jac=nan (n=27, tp=0) 27.4s

Done: 6 ok, 0 failed, 6.6 min. CSV: results_v4/elliptic_v4_stability.csv
/home/juan/Escritorio/gnn_thesis/gnns_thesis/scripts/explain_matrix.py:237: FutureWarning: The behavior of DataFrame concatenation with empty or all-NA entries is deprecated. In a future version, this will no longer exclude empty or all-NA columns when determining the result dtypes. To retain the old behavior, exclude the relevant entries before the concat operation.
  new = pd.concat([old, new], ignore_index=True) if len(old) else new
Device: cuda | torch threads: 2
Label mode: licit_unknown
Preprocessing Elliptic dataset...
Creating time-based splits:
  Train: 136,265 nodes (3,462 illicit, 132,803 licit, ratio 1:38.4)
  Val  : 37,820 nodes (914 illicit, 36,906 licit, ratio 1:40.4)
  Test : 29,684 nodes (169 illicit, 29,515 licit, ratio 1:174.6)
  Split counts validated against the official Elliptic release.
Normalizing features (fit on every node of the train timesteps):
  Features normalized (RobustScaler + clip[-10,10]): mean~0.7023, std~2.3916, clipped=4.69% of values
Preprocessing complete.
Common node set: 30 illicit val nodes (seed 1234, pool 914) -> results_v4/explain_nodes_v4.json
3 checkpoints | 9 units to explain (6 already complete) | 0 checkpoints gated out
  1:10_TAGCN_class_weighting_s44__GNNExplainer: primary=0.902 full=0.902 edges=0.134 jac=0.606 (n=30, tp=21) 45.5s
  PGExplainer training complete (loss=0.4630)
  PGExplainer training complete (loss=0.5865)
  PGExplainer training complete (loss=0.4048)
  PGExplainer training complete (loss=0.4112)
  PGExplainer training complete (loss=0.5754)
  1:10_TAGCN_class_weighting_s44__PGExplainer: primary=0.175 full=nan edges=0.175 jac=0.583 (n=16, tp=21) 121.8s
/home/juan/Escritorio/gnn_thesis/gnns_thesis/scripts/explain_matrix.py:237: FutureWarning: The behavior of DataFrame concatenation with empty or all-NA entries is deprecated. In a future version, this will no longer exclude empty or all-NA columns when determining the result dtypes. To retain the old behavior, exclude the relevant entries before the concat operation.
  new = pd.concat([old, new], ignore_index=True) if len(old) else new
  1:10_TAGCN_class_weighting_s44__ShapleyFeatures: primary=0.993 full=0.993 edges=nan jac=nan (n=27, tp=21) 27.4s

Done: 3 ok, 0 failed, 3.3 min. CSV: results_v4/elliptic_v4_stability.csv
/home/juan/Escritorio/gnn_thesis/gnns_thesis/scripts/explain_matrix.py:237: FutureWarning: The behavior of DataFrame concatenation with empty or all-NA entries is deprecated. In a future version, this will no longer exclude empty or all-NA columns when determining the result dtypes. To retain the old behavior, exclude the relevant entries before the concat operation.
  new = pd.concat([old, new], ignore_index=True) if len(old) else new
Device: cuda | torch threads: 2
Label mode: licit_unknown
Preprocessing Elliptic dataset...
Creating time-based splits:
  Train: 136,265 nodes (3,462 illicit, 132,803 licit, ratio 1:38.4)
  Val  : 37,820 nodes (914 illicit, 36,906 licit, ratio 1:40.4)
  Test : 29,684 nodes (169 illicit, 29,515 licit, ratio 1:174.6)
  Split counts validated against the official Elliptic release.
Normalizing features (fit on every node of the train timesteps):
  Features normalized (RobustScaler + clip[-10,10]): mean~0.7023, std~2.3916, clipped=4.69% of values
Preprocessing complete.
Common node set: 30 illicit val nodes (seed 1234, pool 914) -> results_v4/explain_nodes_v4.json
3 checkpoints | 9 units to explain (0 already complete) | 0 checkpoints gated out
  1:1_TAGCN_class_weighting_s44__GNNExplainer: primary=0.903 full=0.903 edges=0.080 jac=0.578 (n=30, tp=19) 45.5s
  PGExplainer training complete (loss=0.4540)
  PGExplainer training complete (loss=0.5877)
  PGExplainer training complete (loss=0.4061)
  PGExplainer training complete (loss=0.4059)
  PGExplainer training complete (loss=0.5772)
  1:1_TAGCN_class_weighting_s44__PGExplainer: primary=0.172 full=nan edges=0.172 jac=0.579 (n=16, tp=19) 122.0s
/home/juan/Escritorio/gnn_thesis/gnns_thesis/scripts/explain_matrix.py:237: FutureWarning: The behavior of DataFrame concatenation with empty or all-NA entries is deprecated. In a future version, this will no longer exclude empty or all-NA columns when determining the result dtypes. To retain the old behavior, exclude the relevant entries before the concat operation.
  new = pd.concat([old, new], ignore_index=True) if len(old) else new
  1:1_TAGCN_class_weighting_s44__ShapleyFeatures: primary=0.993 full=0.993 edges=nan jac=nan (n=27, tp=19) 27.5s
/home/juan/Escritorio/gnn_thesis/gnns_thesis/scripts/explain_matrix.py:237: FutureWarning: The behavior of DataFrame concatenation with empty or all-NA entries is deprecated. In a future version, this will no longer exclude empty or all-NA columns when determining the result dtypes. To retain the old behavior, exclude the relevant entries before the concat operation.
  new = pd.concat([old, new], ignore_index=True) if len(old) else new
  1:1_TAGCN_focal_loss_s44__GNNExplainer: primary=0.922 full=0.922 edges=0.149 jac=0.621 (n=30, tp=28) 55.1s
  PGExplainer training complete (loss=0.2252)
  PGExplainer training complete (loss=0.3835)
  PGExplainer training complete (loss=0.3208)
  PGExplainer training complete (loss=0.3336)
  PGExplainer training complete (loss=0.3259)
  1:1_TAGCN_focal_loss_s44__PGExplainer: primary=0.263 full=nan edges=0.263 jac=0.646 (n=16, tp=28) 145.4s
/home/juan/Escritorio/gnn_thesis/gnns_thesis/scripts/explain_matrix.py:237: FutureWarning: The behavior of DataFrame concatenation with empty or all-NA entries is deprecated. In a future version, this will no longer exclude empty or all-NA columns when determining the result dtypes. To retain the old behavior, exclude the relevant entries before the concat operation.
  new = pd.concat([old, new], ignore_index=True) if len(old) else new
  1:1_TAGCN_focal_loss_s44__ShapleyFeatures: primary=0.994 full=0.994 edges=nan jac=nan (n=27, tp=28) 29.6s
/home/juan/Escritorio/gnn_thesis/gnns_thesis/scripts/explain_matrix.py:237: FutureWarning: The behavior of DataFrame concatenation with empty or all-NA entries is deprecated. In a future version, this will no longer exclude empty or all-NA columns when determining the result dtypes. To retain the old behavior, exclude the relevant entries before the concat operation.
  new = pd.concat([old, new], ignore_index=True) if len(old) else new
  1:1_TAGCN_none_s44__GNNExplainer: primary=0.903 full=0.903 edges=0.080 jac=0.578 (n=30, tp=19) 45.9s
  PGExplainer training complete (loss=0.4540)
  PGExplainer training complete (loss=0.5877)
  PGExplainer training complete (loss=0.4061)
  PGExplainer training complete (loss=0.4059)
  PGExplainer training complete (loss=0.5772)
  1:1_TAGCN_none_s44__PGExplainer: primary=0.172 full=nan edges=0.172 jac=0.579 (n=16, tp=19) 122.7s
/home/juan/Escritorio/gnn_thesis/gnns_thesis/scripts/explain_matrix.py:237: FutureWarning: The behavior of DataFrame concatenation with empty or all-NA entries is deprecated. In a future version, this will no longer exclude empty or all-NA columns when determining the result dtypes. To retain the old behavior, exclude the relevant entries before the concat operation.
  new = pd.concat([old, new], ignore_index=True) if len(old) else new
  1:1_TAGCN_none_s44__ShapleyFeatures: primary=0.993 full=0.993 edges=nan jac=nan (n=27, tp=19) 27.5s

Done: 9 ok, 0 failed, 10.5 min. CSV: results_v4/elliptic_v4_stability.csv
/home/juan/Escritorio/gnn_thesis/gnns_thesis/scripts/explain_matrix.py:237: FutureWarning: The behavior of DataFrame concatenation with empty or all-NA entries is deprecated. In a future version, this will no longer exclude empty or all-NA columns when determining the result dtypes. To retain the old behavior, exclude the relevant entries before the concat operation.
  new = pd.concat([old, new], ignore_index=True) if len(old) else new
Device: cuda | torch threads: 2
Label mode: licit_unknown
Preprocessing Elliptic dataset...
Creating time-based splits:
  Train: 136,265 nodes (3,462 illicit, 132,803 licit, ratio 1:38.4)
  Val  : 37,820 nodes (914 illicit, 36,906 licit, ratio 1:40.4)
  Test : 29,684 nodes (169 illicit, 29,515 licit, ratio 1:174.6)
  Split counts validated against the official Elliptic release.
Normalizing features (fit on every node of the train timesteps):
  Features normalized (RobustScaler + clip[-10,10]): mean~0.7023, std~2.3916, clipped=4.69% of values
Preprocessing complete.
Common node set: 30 illicit val nodes (seed 1234, pool 914) -> results_v4/explain_nodes_v4.json
3 checkpoints | 9 units to explain (6 already complete) | 0 checkpoints gated out
  1:10_os_TAGCN_class_weighting_s44__GNNExplainer: primary=0.901 full=0.901 edges=0.077 jac=0.577 (n=30, tp=18) 46.7s
  PGExplainer training complete (loss=0.6310)
  PGExplainer training complete (loss=0.5829)
  PGExplainer training complete (loss=0.3970)
  PGExplainer training complete (loss=0.3996)
  PGExplainer training complete (loss=0.5734)
  1:10_os_TAGCN_class_weighting_s44__PGExplainer: primary=0.241 full=nan edges=0.241 jac=0.612 (n=16, tp=18) 122.3s
/home/juan/Escritorio/gnn_thesis/gnns_thesis/scripts/explain_matrix.py:237: FutureWarning: The behavior of DataFrame concatenation with empty or all-NA entries is deprecated. In a future version, this will no longer exclude empty or all-NA columns when determining the result dtypes. To retain the old behavior, exclude the relevant entries before the concat operation.
  new = pd.concat([old, new], ignore_index=True) if len(old) else new
  1:10_os_TAGCN_class_weighting_s44__ShapleyFeatures: primary=0.993 full=0.993 edges=nan jac=nan (n=27, tp=18) 27.5s

Done: 3 ok, 0 failed, 3.3 min. CSV: results_v4/elliptic_v4_stability.csv
